Archive member included to satisfy reference by file (symbol)

C:/msys64/ucrt64/bin/../lib/gcc/arm-none-eabi/13.3.0/../../../../arm-none-eabi/lib/thumb/v7e-m+fp/hard\libc_nano.a(libc_a-atexit.o)
                              C:/msys64/ucrt64/bin/../lib/gcc/arm-none-eabi/13.3.0/../../../../arm-none-eabi/lib/thumb/v7e-m+fp/hard/crt0.o (atexit)
C:/msys64/ucrt64/bin/../lib/gcc/arm-none-eabi/13.3.0/../../../../arm-none-eabi/lib/thumb/v7e-m+fp/hard\libc_nano.a(libc_a-exit.o)
                              C:/msys64/ucrt64/bin/../lib/gcc/arm-none-eabi/13.3.0/../../../../arm-none-eabi/lib/thumb/v7e-m+fp/hard/crt0.o (exit)
C:/msys64/ucrt64/bin/../lib/gcc/arm-none-eabi/13.3.0/../../../../arm-none-eabi/lib/thumb/v7e-m+fp/hard\libc_nano.a(libc_a-findfp.o)
                              C:/msys64/ucrt64/bin/../lib/gcc/arm-none-eabi/13.3.0/../../../../arm-none-eabi/lib/thumb/v7e-m+fp/hard\libc_nano.a(libc_a-exit.o) (__stdio_exit_handler)
C:/msys64/ucrt64/bin/../lib/gcc/arm-none-eabi/13.3.0/../../../../arm-none-eabi/lib/thumb/v7e-m+fp/hard\libc_nano.a(libc_a-fwalk.o)
                              C:/msys64/ucrt64/bin/../lib/gcc/arm-none-eabi/13.3.0/../../../../arm-none-eabi/lib/thumb/v7e-m+fp/hard\libc_nano.a(libc_a-findfp.o) (_fwalk_sglue)
C:/msys64/ucrt64/bin/../lib/gcc/arm-none-eabi/13.3.0/../../../../arm-none-eabi/lib/thumb/v7e-m+fp/hard\libc_nano.a(libc_a-stdio.o)
                              C:/msys64/ucrt64/bin/../lib/gcc/arm-none-eabi/13.3.0/../../../../arm-none-eabi/lib/thumb/v7e-m+fp/hard\libc_nano.a(libc_a-findfp.o) (__sread)
C:/msys64/ucrt64/bin/../lib/gcc/arm-none-eabi/13.3.0/../../../../arm-none-eabi/lib/thumb/v7e-m+fp/hard\libc_nano.a(libc_a-memset.o)
                              C:/msys64/ucrt64/bin/../lib/gcc/arm-none-eabi/13.3.0/../../../../arm-none-eabi/lib/thumb/v7e-m+fp/hard/crt0.o (memset)
C:/msys64/ucrt64/bin/../lib/gcc/arm-none-eabi/13.3.0/../../../../arm-none-eabi/lib/thumb/v7e-m+fp/hard\libc_nano.a(libc_a-closer.o)
                              C:/msys64/ucrt64/bin/../lib/gcc/arm-none-eabi/13.3.0/../../../../arm-none-eabi/lib/thumb/v7e-m+fp/hard\libc_nano.a(libc_a-stdio.o) (_close_r)
C:/msys64/ucrt64/bin/../lib/gcc/arm-none-eabi/13.3.0/../../../../arm-none-eabi/lib/thumb/v7e-m+fp/hard\libc_nano.a(libc_a-reent.o)
                              C:/msys64/ucrt64/bin/../lib/gcc/arm-none-eabi/13.3.0/../../../../arm-none-eabi/lib/thumb/v7e-m+fp/hard\libc_nano.a(libc_a-closer.o) (errno)
C:/msys64/ucrt64/bin/../lib/gcc/arm-none-eabi/13.3.0/../../../../arm-none-eabi/lib/thumb/v7e-m+fp/hard\libc_nano.a(libc_a-impure.o)
                              C:/msys64/ucrt64/bin/../lib/gcc/arm-none-eabi/13.3.0/../../../../arm-none-eabi/lib/thumb/v7e-m+fp/hard\libc_nano.a(libc_a-reent.o) (_impure_ptr)
C:/msys64/ucrt64/bin/../lib/gcc/arm-none-eabi/13.3.0/../../../../arm-none-eabi/lib/thumb/v7e-m+fp/hard\libc_nano.a(libc_a-lseekr.o)
                              C:/msys64/ucrt64/bin/../lib/gcc/arm-none-eabi/13.3.0/../../../../arm-none-eabi/lib/thumb/v7e-m+fp/hard\libc_nano.a(libc_a-stdio.o) (_lseek_r)
C:/msys64/ucrt64/bin/../lib/gcc/arm-none-eabi/13.3.0/../../../../arm-none-eabi/lib/thumb/v7e-m+fp/hard\libc_nano.a(libc_a-readr.o)
                              C:/msys64/ucrt64/bin/../lib/gcc/arm-none-eabi/13.3.0/../../../../arm-none-eabi/lib/thumb/v7e-m+fp/hard\libc_nano.a(libc_a-stdio.o) (_read_r)
C:/msys64/ucrt64/bin/../lib/gcc/arm-none-eabi/13.3.0/../../../../arm-none-eabi/lib/thumb/v7e-m+fp/hard\libc_nano.a(libc_a-writer.o)
                              C:/msys64/ucrt64/bin/../lib/gcc/arm-none-eabi/13.3.0/../../../../arm-none-eabi/lib/thumb/v7e-m+fp/hard\libc_nano.a(libc_a-stdio.o) (_write_r)
C:/msys64/ucrt64/bin/../lib/gcc/arm-none-eabi/13.3.0/../../../../arm-none-eabi/lib/thumb/v7e-m+fp/hard\libc_nano.a(libc_a-errno.o)
                              build/sysmem.o (__errno)
C:/msys64/ucrt64/bin/../lib/gcc/arm-none-eabi/13.3.0/../../../../arm-none-eabi/lib/thumb/v7e-m+fp/hard\libc_nano.a(libc_a-init.o)
                              C:/msys64/ucrt64/bin/../lib/gcc/arm-none-eabi/13.3.0/../../../../arm-none-eabi/lib/thumb/v7e-m+fp/hard/crt0.o (__libc_init_array)
C:/msys64/ucrt64/bin/../lib/gcc/arm-none-eabi/13.3.0/../../../../arm-none-eabi/lib/thumb/v7e-m+fp/hard\libc_nano.a(libc_a-fini.o)
                              C:/msys64/ucrt64/bin/../lib/gcc/arm-none-eabi/13.3.0/../../../../arm-none-eabi/lib/thumb/v7e-m+fp/hard/crt0.o (__libc_fini_array)
C:/msys64/ucrt64/bin/../lib/gcc/arm-none-eabi/13.3.0/../../../../arm-none-eabi/lib/thumb/v7e-m+fp/hard\libc_nano.a(libc_a-lock.o)
                              C:/msys64/ucrt64/bin/../lib/gcc/arm-none-eabi/13.3.0/../../../../arm-none-eabi/lib/thumb/v7e-m+fp/hard\libc_nano.a(libc_a-findfp.o) (__retarget_lock_init_recursive)
C:/msys64/ucrt64/bin/../lib/gcc/arm-none-eabi/13.3.0/../../../../arm-none-eabi/lib/thumb/v7e-m+fp/hard\libc_nano.a(libc_a-__atexit.o)
[...]
Memory Configuration

Name             Origin             Length             Attributes
RAM              0x20000000         0x00003000         xrw
CCMRAM           0x10000000         0x00001000         xrw
FLASH            0x08000000         0x00010000         xr
*default*        0x00000000         0xffffffff

Linker script and memory map

LOAD C:/msys64/ucrt64/bin/../lib/gcc/arm-none-eabi/13.3.0/thumb/v7e-m+fp/hard/crti.o
LOAD C:/msys64/ucrt64/bin/../lib/gcc/arm-none-eabi/13.3.0/thumb/v7e-m+fp/hard/crtbegin.o
LOAD C:/msys64/ucrt64/bin/../lib/gcc/arm-none-eabi/13.3.0/../../../../arm-none-eabi/lib/thumb/v7e-m+fp/hard/crt0.o
LOAD build/main.o
LOAD build/stm32f3xx_it.o
LOAD build/stm32f3xx_hal_msp.o
LOAD build/power.o
LOAD build/adc.o
LOAD build/stm32f3xx_hal_adc.o
LOAD build/stm32f3xx_hal_adc_ex.o
LOAD build/stm32f3xx_hal.o
LOAD build/stm32f3xx_hal_rcc.o
LOAD build/stm32f3xx_hal_rcc_ex.o
LOAD build/stm32f3xx_hal_gpio.o
LOAD build/stm32f3xx_hal_tim.o
LOAD build/stm32f3xx_hal_tim_ex.o
LOAD build/stm32f3xx_hal_dma.o
LOAD build/stm32f3xx_hal_cortex.o
LOAD build/stm32f3xx_hal_pwr.o
LOAD build/stm32f3xx_hal_pwr_ex.o
LOAD build/stm32f3xx_hal_flash.o
LOAD build/stm32f3xx_hal_flash_ex.o
LOAD build/stm32f3xx_hal_i2c.o
LOAD build/stm32f3xx_hal_i2c_ex.o
LOAD build/stm32f3xx_hal_exti.o
LOAD build/system_stm32f3xx.o
LOAD build/sysmem.o
LOAD build/syscalls.o
LOAD build/stm32f3xx_hal_can.o
LOAD build/stm32f3xx_hal_hrtim.o
LOAD build/startup_stm32f334x8.o
LOAD C:/msys64/ucrt64/bin/../lib/gcc/arm-none-eabi/13.3.0/../../../../arm-none-eabi/lib/thumb/v7e-m+fp/hard\libc_nano.a
LOAD C:/msys64/ucrt64/bin/../lib/gcc/arm-none-eabi/13.3.0/../../../../arm-none-eabi/lib/thumb/v7e-m+fp/hard\libm.a
LOAD C:/msys64/ucrt64/bin/../lib/gcc/arm-none-eabi/13.3.0/../../../../arm-none-eabi/lib/thumb/v7e-m+fp/hard\libnosys.a
START GROUP
LOAD C:/msys64/ucrt64/bin/../lib/gcc/arm-none-eabi/13.3.0/thumb/v7e-m+fp/hard\libgcc.a
LOAD C:/msys64/ucrt64/bin/../lib/gcc/arm-none-eabi/13.3.0/../../../../arm-none-eabi/lib/thumb/v7e-m+fp/hard\libc_nano.a
END GROUP
START GROUP
LOAD C:/msys64/ucrt64/bin/../lib/gcc/arm-none-eabi/13.3.0/thumb/v7e-m+fp/hard\libgcc.a
LOAD C:/msys64/ucrt64/bin/../lib/gcc/arm-none-eabi/13.3.0/../../../../arm-none-eabi/lib/thumb/v7e-m+fp/hard\libc_nano.a
END GROUP
LOAD C:/msys64/ucrt64/bin/../lib/gcc/arm-none-eabi/13.3.0/thumb/v7e-m+fp/hard/crtend.o
LOAD C:/msys64/ucrt64/bin/../lib/gcc/arm-none-eabi/13.3.0/thumb/v7e-m+fp/hard/crtn.o
                0x20003000                        _estack = (ORIGIN (RAM) + LENGTH (RAM))
                0x00000200                        _Min_Heap_Size = 0x200
                0x00000400                        _Min_Stack_Size = 0x400

.isr_vector     0x08000000      0x188
                0x08000000                        . = ALIGN (0x4)
 *(.isr_vector)
 .isr_vector    0x08000000      0x188 build/startup_stm32f334x8.o
                0x08000000                g_pfnVectors
                0x08000188                        . = ALIGN (0x4)

.text           0x08000188     0x511c
                0x08000188                        . = ALIGN (0x4)
 *(.text)
 .text          0x08000188       0xa4 C:/msys64/ucrt64/bin/../lib/gcc/arm-none-eabi/13.3.0/../../../../arm-none-eabi/lib/thumb/v7e-m+fp/hard\libc_nano.a(libc_a-memset.o)
                0x08000188                memset
 .text          0x0800022c        0xc C:/msys64/ucrt64/bin/../lib/gcc/arm-none-eabi/13.3.0/../../../../arm-none-eabi/lib/thumb/v7e-m+fp/hard\libc_nano.a(libc_a-errno.o)
                0x0800022c                __errno
 .text          0x08000238       0x50 C:/msys64/ucrt64/bin/../lib/gcc/arm-none-eabi/13.3.0/../../../../arm-none-eabi/lib/thumb/v7e-m+fp/hard\libc_nano.a(libc_a-init.o)
                0x08000238                __libc_init_array
 .text          0x08000288       0x60 C:/msys64/ucrt64/bin/../lib/gcc/arm-none-eabi/13.3.0/../../../../arm-none-eabi/lib/thumb/v7e-m+fp/hard\libm.a(libm_a-wf_log.o)
                0x08000288                logf
 .text          0x080002e8        0xc C:/msys64/ucrt64/bin/../lib/gcc/arm-none-eabi/13.3.0/../../../../arm-none-eabi/lib/thumb/v7e-m+fp/hard\libm.a(libm_a-sf_nan.o)
                0x080002e8                nanf
 .text          0x080002f4      0x1f4 C:/msys64/ucrt64/bin/../lib/gcc/arm-none-eabi/13.3.0/../../../../arm-none-eabi/lib/thumb/v7e-m+fp/hard\libm.a(libm_a-ef_log.o)
                0x080002f4                __ieee754_logf
 .text          0x080004e8      0x378 C:/msys64/ucrt64/bin/../lib/gcc/arm-none-eabi/13.3.0/thumb/v7e-m+fp/hard\libgcc.a(_arm_addsubdf3.o)
                0x080004e8                __aeabi_drsub
                0x080004f0                __aeabi_dsub
                0x080004f0                __subdf3
                0x080004f4                __aeabi_dadd
                0x080004f4                __adddf3
                0x0800076c                __floatunsidf
                0x0800076c                __aeabi_ui2d
                0x0800078c                __floatsidf
                0x0800078c                __aeabi_i2d
                0x080007b0                __aeabi_f2d
                0x080007b0                __extendsfdf2
                0x080007f4                __floatundidf
                0x080007f4                __aeabi_ul2d
                0x08000804                __floatdidf
                0x08000804                __aeabi_l2d
 .text          0x08000860       0xa0 C:/msys64/ucrt64/bin/../lib/gcc/arm-none-eabi/13.3.0/thumb/v7e-m+fp/hard\libgcc.a(_arm_truncdfsf2.o)
                0x08000860                __truncdfsf2
                0x08000860                __aeabi_d2f
 *(.text*)
 .text.__do_global_dtors_aux
                0x08000900       0x24 C:/msys64/ucrt64/bin/../lib/gcc/arm-none-eabi/13.3.0/thumb/v7e-m+fp/hard/crtbegin.o
 .text.frame_dummy
                0x08000924       0x1c C:/msys64/ucrt64/bin/../lib/gcc/arm-none-eabi/13.3.0/thumb/v7e-m+fp/hard/crtbegin.o
 .text.MX_DMA_Init
                0x08000940       0x44 build/main.o
 .text.MX_GPIO_Init
                0x08000984       0x8c build/main.o
 .text.Error_Handler
                0x08000a10       0x20 build/main.o
                0x08000a10                Error_Handler
 .text.MX_ADC1_Init
                0x08000a30       0xc4 build/main.o
 .text.MX_ADC2_Init
                0x08000af4       0xb4 build/main.o
 .text.MX_CAN_Init
                0x08000ba8       0x44 build/main.o
 .text.MX_HRTIM1_Init
                0x08000bec      0x24c build/main.o
 .text.MX_TIM3_Init
                0x08000e38       0xc0 build/main.o
 .text.SystemClock_Config
                0x08000ef8       0x90 build/main.o
                0x08000ef8                SystemClock_Config
 .text.main     0x08000f88      0x11c build/main.o
                0x08000f88                main
 .text.NMI_Handler
                0x080010a4        0x2 build/stm32f3xx_it.o
                0x080010a4                NMI_Handler
 .text.HardFault_Handler
                0x080010a6        0x2 build/stm32f3xx_it.o
                0x080010a6                HardFault_Handler
 .text.MemManage_Handler
                0x080010a8        0x2 build/stm32f3xx_it.o
                0x080010a8                MemManage_Handler
 .text.BusFault_Handler
                0x080010aa        0x2 build/stm32f3xx_it.o
                0x080010aa                BusFault_Handler
 .text.UsageFault_Handler
                0x080010ac        0x2 build/stm32f3xx_it.o
                0x080010ac                UsageFault_Handler
 .text.SVC_Handler
                0x080010ae        0x2 build/stm32f3xx_it.o
                0x080010ae                SVC_Handler
 .text.DebugMon_Handler
                0x080010b0        0x2 build/stm32f3xx_it.o
                0x080010b0                DebugMon_Handler
 .text.PendSV_Handler
                0x080010b2        0x2 build/stm32f3xx_it.o
                0x080010b2                PendSV_Handler
 .text.SysTick_Handler
                0x080010b4        0x8 build/stm32f3xx_it.o
                0x080010b4                SysTick_Handler
 .text.DMA1_Channel1_IRQHandler
                0x080010bc       0x10 build/stm32f3xx_it.o
                0x080010bc                DMA1_Channel1_IRQHandler
 .text.DMA1_Channel2_IRQHandler
                0x080010cc       0x10 build/stm32f3xx_it.o
                0x080010cc                DMA1_Channel2_IRQHandler
 .text.CAN_RX0_IRQHandler
                0x080010dc       0x10 build/stm32f3xx_it.o
                0x080010dc                CAN_RX0_IRQHandler
 .text.Check_Protection_Fast
                0x080010ec       0x5c build/stm32f3xx_it.o
                0x080010ec                Check_Protection_Fast
 .text.Check_Protection_Slow
                0x08001148      0x140 build/stm32f3xx_it.o
                0x08001148                Check_Protection_Slow
 .text.HRTIM1_TIMA_IRQHandler
                0x08001288      0x1b4 build/stm32f3xx_it.o
                0x08001288                HRTIM1_TIMA_IRQHandler
 .text.HAL_MspInit
                0x0800143c       0x30 build/stm32f3xx_hal_msp.o
                0x0800143c                HAL_MspInit
 .text.HAL_ADC_MspInit
                0x0800146c      0x140 build/stm32f3xx_hal_msp.o
                0x0800146c                HAL_ADC_MspInit
 .text.HAL_CAN_MspInit
                0x080015ac       0x7c build/stm32f3xx_hal_msp.o
                0x080015ac                HAL_CAN_MspInit
 .text.HAL_HRTIM_MspInit
                0x08001628       0x2c build/stm32f3xx_hal_msp.o
                0x08001628                HAL_HRTIM_MspInit
 .text.HAL_HRTIM_MspPostInit
                0x08001654       0x58 build/stm32f3xx_hal_msp.o
                0x08001654                HAL_HRTIM_MspPostInit
 *fill*         0x080016ac        0x4 
 .text.Run_Control_Loop
                0x080016b0      0x974 build/power.o
                0x080016b0                Run_Control_Loop
 .text.Sensor_Init
                0x08002024       0x40 build/adc.o
                0x08002024                Sensor_Init
 .text.Sensor_Update
                0x08002064      0x2c0 build/adc.o
                0x08002064                Sensor_Update
 .text.HAL_ADC_ConvCpltCallback
                0x08002324        0x2 build/stm32f3xx_hal_adc.o
                0x08002324                HAL_ADC_ConvCpltCallback
 .text.HAL_ADC_ConvHalfCpltCallback
                0x08002326        0x2 build/stm32f3xx_hal_adc.o
                0x08002326                HAL_ADC_ConvHalfCpltCallback
 .text.HAL_ADC_ErrorCallback
                0x08002328        0x2 build/stm32f3xx_hal_adc.o
                0x08002328                HAL_ADC_ErrorCallback
 .text.ADC_Disable
                0x0800232a       0x88 build/stm32f3xx_hal_adc_ex.o
 *fill*         0x080023b2        0x2 
 .text.ADC_Enable
                0x080023b4       0x80 build/stm32f3xx_hal_adc_ex.o
 .text.ADC_DMAError
                0x08002434       0x1a build/stm32f3xx_hal_adc_ex.o
 .text.ADC_DMAHalfConvCplt
                0x0800244e        0xa build/stm32f3xx_hal_adc_ex.o
 .text.ADC_DMAConvCplt
                0x08002458       0x4a build/stm32f3xx_hal_adc_ex.o
 *fill*         0x080024a2        0x2 
 .text.HAL_ADC_Init
                0x080024a4      0x214 build/stm32f3xx_hal_adc_ex.o
                0x080024a4                HAL_ADC_Init
 .text.HAL_ADC_Start_DMA
                0x080026b8      0x134 build/stm32f3xx_hal_adc_ex.o
                0x080026b8                HAL_ADC_Start_DMA
 .text.HAL_ADC_ConfigChannel
                0x080027ec      0x370 build/stm32f3xx_hal_adc_ex.o
                0x080027ec                HAL_ADC_ConfigChannel
 .text.HAL_ADCEx_MultiModeConfigChannel
                0x08002b5c      0x118 build/stm32f3xx_hal_adc_ex.o
                0x08002b5c                HAL_ADCEx_MultiModeConfigChannel
 .text.HAL_InitTick
                0x08002c74       0x4c build/stm32f3xx_hal.o
                0x08002c74                HAL_InitTick
 .text.HAL_Init
                0x08002cc0       0x24 build/stm32f3xx_hal.o
                0x08002cc0                HAL_Init
 .text.HAL_IncTick
                0x08002ce4       0x18 build/stm32f3xx_hal.o
                0x08002ce4                HAL_IncTick
 .text.HAL_GetTick
                0x08002cfc        0xc build/stm32f3xx_hal.o
                0x08002cfc                HAL_GetTick
 .text.HAL_Delay
                0x08002d08       0x28 build/stm32f3xx_hal.o
                0x08002d08                HAL_Delay
 .text.HAL_RCC_OscConfig
                0x08002d30      0x630 build/stm32f3xx_hal_rcc.o
                0x08002d30                HAL_RCC_OscConfig
 .text.HAL_RCC_GetSysClockFreq
                0x08003360       0x54 build/stm32f3xx_hal_rcc.o
                0x08003360                HAL_RCC_GetSysClockFreq
 .text.HAL_RCC_ClockConfig
                0x080033b4      0x1a8 build/stm32f3xx_hal_rcc.o
                0x080033b4                HAL_RCC_ClockConfig
 .text.HAL_RCCEx_PeriphCLKConfig
                0x0800355c      0x1a4 build/stm32f3xx_hal_rcc_ex.o
                0x0800355c                HAL_RCCEx_PeriphCLKConfig
 .text.HAL_GPIO_Init
                0x08003700      0x1bc build/stm32f3xx_hal_gpio.o
                0x08003700                HAL_GPIO_Init
 .text.HAL_GPIO_WritePin
                0x080038bc        0xa build/stm32f3xx_hal_gpio.o
                0x080038bc                HAL_GPIO_WritePin
 .text.HAL_GPIO_TogglePin
                0x080038c6       0x12 build/stm32f3xx_hal_gpio.o
                0x080038c6                HAL_GPIO_TogglePin
 .text.TIM_OC1_SetConfig
                0x080038d8       0x8c build/stm32f3xx_hal_tim.o
 .text.TIM_OC3_SetConfig
                0x08003964       0x7c build/stm32f3xx_hal_tim.o
 .text.TIM_OC4_SetConfig
                0x080039e0       0x64 build/stm32f3xx_hal_tim.o
 .text.TIM_OC5_SetConfig
                0x08003a44       0x60 build/stm32f3xx_hal_tim.o
 .text.TIM_OC6_SetConfig
                0x08003aa4       0x64 build/stm32f3xx_hal_tim.o
 .text.HAL_TIM_PWM_MspInit
                0x08003b08        0x2 build/stm32f3xx_hal_tim.o
                0x08003b08                HAL_TIM_PWM_MspInit
 *fill*         0x08003b0a        0x2 
 .text.TIM_Base_SetConfig
                0x08003b0c       0xa0 build/stm32f3xx_hal_tim.o
                0x08003b0c                TIM_Base_SetConfig
 .text.HAL_TIM_PWM_Init
                0x08003bac       0x60 build/stm32f3xx_hal_tim.o
                0x08003bac                HAL_TIM_PWM_Init
 .text.TIM_OC2_SetConfig
                0x08003c0c       0x7c build/stm32f3xx_hal_tim.o
                0x08003c0c                TIM_OC2_SetConfig
 .text.HAL_TIM_PWM_ConfigChannel
                0x08003c88      0x13a build/stm32f3xx_hal_tim.o
                0x08003c88                HAL_TIM_PWM_ConfigChannel
 .text.TIM_CCxChannelCmd
                0x08003dc2       0x1e build/stm32f3xx_hal_tim.o
                0x08003dc2                TIM_CCxChannelCmd
 .text.HAL_TIM_PWM_Start
                0x08003de0      0x148 build/stm32f3xx_hal_tim.o
                0x08003de0                HAL_TIM_PWM_Start
 .text.HAL_TIMEx_MasterConfigSynchronization
                0x08003f28       0x78 build/stm32f3xx_hal_tim_ex.o
                0x08003f28                HAL_TIMEx_MasterConfigSynchronization
 .text.DMA_SetConfig
                0x08003fa0       0x2c build/stm32f3xx_hal_dma.o
 .text.DMA_CalcBaseAndBitshift
                0x08003fcc       0x24 build/stm32f3xx_hal_dma.o
 .text.HAL_DMA_Init
                0x08003ff0       0x4c build/stm32f3xx_hal_dma.o
                0x08003ff0                HAL_DMA_Init
 .text.HAL_DMA_Start_IT
                0x0800403c       0x74 build/stm32f3xx_hal_dma.o
                0x0800403c                HAL_DMA_Start_IT
 .text.HAL_DMA_IRQHandler
                0x080040b0       0xb2 build/stm32f3xx_hal_dma.o
                0x080040b0                HAL_DMA_IRQHandler
 *fill*         0x08004162        0x2 
 .text.__NVIC_SetPriority
                0x08004164       0x28 build/stm32f3xx_hal_cortex.o
 .text.NVIC_EncodePriority
                0x0800418c       0x3e build/stm32f3xx_hal_cortex.o
 *fill*         0x080041ca        0x2 
 .text.HAL_NVIC_SetPriorityGrouping
                0x080041cc       0x24 build/stm32f3xx_hal_cortex.o
                0x080041cc                HAL_NVIC_SetPriorityGrouping
 .text.HAL_NVIC_SetPriority
                0x080041f0       0x20 build/stm32f3xx_hal_cortex.o
                0x080041f0                HAL_NVIC_SetPriority
 .text.HAL_NVIC_EnableIRQ
                0x08004210       0x1c build/stm32f3xx_hal_cortex.o
                0x08004210                HAL_NVIC_EnableIRQ
 .text.HAL_SYSTICK_Config
                0x0800422c       0x28 build/stm32f3xx_hal_cortex.o
                0x0800422c                HAL_SYSTICK_Config
 .text.SystemInit
                0x08004254       0x14 build/system_stm32f3xx.o
                0x08004254                SystemInit
 .text.HAL_CAN_Init
                0x08004268      0x14c build/stm32f3xx_hal_can.o
                0x08004268                HAL_CAN_Init
 .text.HAL_CAN_ConfigFilter
                0x080043b4      0x106 build/stm32f3xx_hal_can.o
                0x080043b4                HAL_CAN_ConfigFilter
 .text.HAL_CAN_Start
                0x080044ba       0x5c build/stm32f3xx_hal_can.o
                0x080044ba                HAL_CAN_Start
 .text.HAL_CAN_AddTxMessage
                0x08004516       0xea build/stm32f3xx_hal_can.o
                0x08004516                HAL_CAN_AddTxMessage
 .text.HAL_CAN_GetTxMailboxesFreeLevel
                0x08004600       0x32 build/stm32f3xx_hal_can.o
                0x08004600                HAL_CAN_GetTxMailboxesFreeLevel
 .text.HAL_CAN_TxMailbox0CompleteCallback
                0x08004632        0x2 build/stm32f3xx_hal_can.o
                0x08004632                HAL_CAN_TxMailbox0CompleteCallback
 .text.HAL_CAN_TxMailbox1CompleteCallback
                0x08004634        0x2 build/stm32f3xx_hal_can.o
                0x08004634                HAL_CAN_TxMailbox1CompleteCallback
 .text.HAL_CAN_TxMailbox2CompleteCallback
                0x08004636        0x2 build/stm32f3xx_hal_can.o
                0x08004636                HAL_CAN_TxMailbox2CompleteCallback
 .text.HAL_CAN_TxMailbox0AbortCallback
                0x08004638        0x2 build/stm32f3xx_hal_can.o
                0x08004638                HAL_CAN_TxMailbox0AbortCallback
 .text.HAL_CAN_TxMailbox1AbortCallback
                0x0800463a        0x2 build/stm32f3xx_hal_can.o
                0x0800463a                HAL_CAN_TxMailbox1AbortCallback
 .text.HAL_CAN_TxMailbox2AbortCallback
                0x0800463c        0x2 build/stm32f3xx_hal_can.o
                0x0800463c                HAL_CAN_TxMailbox2AbortCallback
 .text.HAL_CAN_RxFifo0MsgPendingCallback
                0x0800463e        0x2 build/stm32f3xx_hal_can.o
                0x0800463e                HAL_CAN_RxFifo0MsgPendingCallback
 .text.HAL_CAN_RxFifo0FullCallback
                0x08004640        0x2 build/stm32f3xx_hal_can.o
                0x08004640                HAL_CAN_RxFifo0FullCallback
 .text.HAL_CAN_RxFifo1MsgPendingCallback
                0x08004642        0x2 build/stm32f3xx_hal_can.o
                0x08004642                HAL_CAN_RxFifo1MsgPendingCallback
 .text.HAL_CAN_RxFifo1FullCallback
                0x08004644        0x2 build/stm32f3xx_hal_can.o
                0x08004644                HAL_CAN_RxFifo1FullCallback
 .text.HAL_CAN_SleepCallback
                0x08004646        0x2 build/stm32f3xx_hal_can.o
                0x08004646                HAL_CAN_SleepCallback
 .text.HAL_CAN_WakeUpFromRxMsgCallback
                0x08004648        0x2 build/stm32f3xx_hal_can.o
                0x08004648                HAL_CAN_WakeUpFromRxMsgCallback
 .text.HAL_CAN_ErrorCallback
                0x0800464a        0x2 build/stm32f3xx_hal_can.o
                0x0800464a                HAL_CAN_ErrorCallback
 .text.HAL_CAN_IRQHandler
                0x0800464c      0x250 build/stm32f3xx_hal_can.o
                0x0800464c                HAL_CAN_IRQHandler
 .text.HRTIM_MasterBase_Config
                0x0800489c       0x2a build/stm32f3xx_hal_hrtim.o
 .text.HRTIM_TimingUnitBase_Config
                0x080048c6       0x40 build/stm32f3xx_hal_hrtim.o
 .text.HRTIM_MasterWaveform_Config
                0x08004906       0x58 build/stm32f3xx_hal_hrtim.o
 .text.HRTIM_TimingUnitWaveform_Config
                0x0800495e      0x14c build/stm32f3xx_hal_hrtim.o
 *fill*         0x08004aaa        0x2 
 .text.HRTIM_OutputConfig
                0x08004aac       0xe4 build/stm32f3xx_hal_hrtim.o
 .text.HRTIM_ForceRegistersUpdate
                0x08004b90       0x6e build/stm32f3xx_hal_hrtim.o
 *fill*         0x08004bfe        0x2 
 .text.HAL_HRTIM_Init
                0x08004c00       0xd4 build/stm32f3xx_hal_hrtim.o
                0x08004c00                HAL_HRTIM_Init
 .text.HAL_HRTIM_DLLCalibrationStart
                0x08004cd4       0x72 build/stm32f3xx_hal_hrtim.o
                0x08004cd4                HAL_HRTIM_DLLCalibrationStart
 .text.HAL_HRTIM_PollForDLLCalibration
                0x08004d46       0x44 build/stm32f3xx_hal_hrtim.o
                0x08004d46                HAL_HRTIM_PollForDLLCalibration
 .text.HAL_HRTIM_TimeBaseConfig
                0x08004d8a       0x32 build/stm32f3xx_hal_hrtim.o
                0x08004d8a                HAL_HRTIM_TimeBaseConfig
 .text.HAL_HRTIM_ADCTriggerConfig
                0x08004dbc       0xc8 build/stm32f3xx_hal_hrtim.o
                0x08004dbc                HAL_HRTIM_ADCTriggerConfig
 .text.HAL_HRTIM_WaveformTimerConfig
                0x08004e84       0x70 build/stm32f3xx_hal_hrtim.o
                0x08004e84                HAL_HRTIM_WaveformTimerConfig
 .text.HAL_HRTIM_DeadTimeConfig
                0x08004ef4       0xa4 build/stm32f3xx_hal_hrtim.o
                0x08004ef4                HAL_HRTIM_DeadTimeConfig
 .text.HAL_HRTIM_WaveformCompareConfig
                0x08004f98      0x1c2 build/stm32f3xx_hal_hrtim.o
                0x08004f98                HAL_HRTIM_WaveformCompareConfig
 .text.HAL_HRTIM_WaveformOutputConfig
                0x0800515a       0x38 build/stm32f3xx_hal_hrtim.o
                0x0800515a                HAL_HRTIM_WaveformOutputConfig
 .text.HAL_HRTIM_WaveformOutputStart
                0x08005192       0x38 build/stm32f3xx_hal_hrtim.o
                0x08005192                HAL_HRTIM_WaveformOutputStart
 .text.HAL_HRTIM_WaveformOutputStop
                0x080051ca       0x38 build/stm32f3xx_hal_hrtim.o
                0x080051ca                HAL_HRTIM_WaveformOutputStop
 .text.HAL_HRTIM_WaveformCountStart
                0x08005202       0x34 build/stm32f3xx_hal_hrtim.o
                0x08005202                HAL_HRTIM_WaveformCountStart
 *fill*         0x08005236        0x2 
 .text.Reset_Handler
                0x08005238       0x50 build/startup_stm32f334x8.o
                0x08005238                Reset_Handler
 .text.Default_Handler
                0x08005288        0x2 build/startup_stm32f334x8.o
                0x08005288                RTC_Alarm_IRQHandler
                0x08005288                HRTIM1_Master_IRQHandler
                0x08005288                TIM1_CC_IRQHandler
                0x08005288                HRTIM1_FLT_IRQHandler
                0x08005288                PVD_IRQHandler
                0x08005288                HRTIM1_TIMD_IRQHandler
                0x08005288                TAMP_STAMP_IRQHandler
                0x08005288                EXTI3_IRQHandler
                0x08005288                EXTI0_IRQHandler
                0x08005288                FPU_IRQHandler
                0x08005288                CAN_TX_IRQHandler
                0x08005288                TIM1_UP_TIM16_IRQHandler
                0x08005288                ADC1_2_IRQHandler
                0x08005288                HRTIM1_TIME_IRQHandler
                0x08005288                SPI1_IRQHandler
                0x08005288                CAN_SCE_IRQHandler
                0x08005288                HRTIM1_TIMC_IRQHandler
                0x08005288                DMA1_Channel4_IRQHandler
                0x08005288                USART3_IRQHandler
                0x08005288                DMA1_Channel7_IRQHandler
                0x08005288                TIM7_DAC2_IRQHandler
                0x08005288                CAN_RX1_IRQHandler
                0x08005288                I2C1_EV_IRQHandler
                0x08005288                DMA1_Channel6_IRQHandler
                0x08005288                TIM3_IRQHandler
                0x08005288                RCC_IRQHandler
                0x08005288                Default_Handler
                0x08005288                EXTI15_10_IRQHandler
                0x08005288                COMP2_IRQHandler
                0x08005288                TIM6_DAC1_IRQHandler
                0x08005288                EXTI9_5_IRQHandler
                0x08005288                RTC_WKUP_IRQHandler
                0x08005288                DMA1_Channel5_IRQHandler
                0x08005288                EXTI4_IRQHandler
                0x08005288                HRTIM1_TIMB_IRQHandler
                0x08005288                TIM1_TRG_COM_TIM17_IRQHandler
                0x08005288                DMA1_Channel3_IRQHandler
                0x08005288                WWDG_IRQHandler
                0x08005288                TIM2_IRQHandler
                0x08005288                EXTI1_IRQHandler
                0x08005288                COMP4_6_IRQHandler
                0x08005288                USART2_IRQHandler
                0x08005288                FLASH_IRQHandler
                0x08005288                USART1_IRQHandler
                0x08005288                I2C1_ER_IRQHandler
                0x08005288                EXTI2_TSC_IRQHandler
                0x08005288                TIM1_BRK_TIM15_IRQHandler
 *(.glue_7)
 .glue_7        0x0800528a        0x0 linker stubs
 *(.glue_7t)
 .glue_7t       0x0800528a        0x0 linker stubs
 *(.eh_frame)
 *fill*         0x0800528a        0x2 
 .eh_frame      0x0800528c        0x0 C:/msys64/ucrt64/bin/../lib/gcc/arm-none-eabi/13.3.0/thumb/v7e-m+fp/hard/crtbegin.o
 *(.init)
 .init          0x0800528c        0x4 C:/msys64/ucrt64/bin/../lib/gcc/arm-none-eabi/13.3.0/thumb/v7e-m+fp/hard/crti.o
                0x0800528c                _init
 .init          0x08005290        0x8 C:/msys64/ucrt64/bin/../lib/gcc/arm-none-eabi/13.3.0/thumb/v7e-m+fp/hard/crtn.o
 *(.fini)
 .fini          0x08005298        0x4 C:/msys64/ucrt64/bin/../lib/gcc/arm-none-eabi/13.3.0/thumb/v7e-m+fp/hard/crti.o
                0x08005298                _fini
 .fini          0x0800529c        0x8 C:/msys64/ucrt64/bin/../lib/gcc/arm-none-eabi/13.3.0/thumb/v7e-m+fp/hard/crtn.o
                0x080052a4                        . = ALIGN (0x4)
                0x080052a4                        _etext = .

.vfp11_veneer   0x080052a4        0x0
 .vfp11_veneer  0x080052a4        0x0 linker stubs

.v4_bx          0x080052a4        0x0
 .v4_bx         0x080052a4        0x0 linker stubs

.iplt           0x080052a4        0x0
 .iplt          0x080052a4        0x0 C:/msys64/ucrt64/bin/../lib/gcc/arm-none-eabi/13.3.0/thumb/v7e-m+fp/hard/crtbegin.o

.rodata         0x080052a4       0x34
                0x080052a4                        . = ALIGN (0x4)
 *(.rodata)
 *(.rodata*)
 .rodata.aPredivFactorTable
                0x080052a4       0x10 build/stm32f3xx_hal_rcc.o
 .rodata.aPLLMULFactorTable
                0x080052b4       0x10 build/stm32f3xx_hal_rcc.o
 .rodata.AHBPrescTable
                0x080052c4       0x10 build/system_stm32f3xx.o
                0x080052c4                AHBPrescTable
 .rodata.str1.4
                0x080052d4        0x1 C:/msys64/ucrt64/bin/../lib/gcc/arm-none-eabi/13.3.0/../../../../arm-none-eabi/lib/thumb/v7e-m+fp/hard\libm.a(libm_a-wf_log.o)
                0x080052d8                        . = ALIGN (0x4)
 *fill*         0x080052d5        0x3 

.rel.dyn        0x080052d8        0x0
 .rel.iplt      0x080052d8        0x0 C:/msys64/ucrt64/bin/../lib/gcc/arm-none-eabi/13.3.0/thumb/v7e-m+fp/hard/crtbegin.o

.ARM.extab
 *(.ARM.extab* .gnu.linkonce.armextab.*)

.ARM            0x080052d8        0x0
                0x080052d8                        __exidx_start = .
 *(.ARM.exidx*)
                0x080052d8                        __exidx_end = .

.preinit_array  0x080052d8        0x0
                0x080052d8                        PROVIDE (__preinit_array_start = .)
 *(.preinit_array*)
                0x080052d8                        PROVIDE (__preinit_array_end = .)

.init_array     0x080052d8        0x4
                0x080052d8                        PROVIDE (__init_array_start = .)
 *(SORT_BY_NAME(.init_array.*))
 *(.init_array*)
 .init_array    0x080052d8        0x4 C:/msys64/ucrt64/bin/../lib/gcc/arm-none-eabi/13.3.0/thumb/v7e-m+fp/hard/crtbegin.o
                0x080052dc                        PROVIDE (__init_array_end = .)

.fini_array     0x080052dc        0x4
                0x080052dc                        PROVIDE (__fini_array_start = .)
 *(SORT_BY_NAME(.fini_array.*))
 *(.fini_array*)
 .fini_array    0x080052dc        0x4 C:/msys64/ucrt64/bin/../lib/gcc/arm-none-eabi/13.3.0/thumb/v7e-m+fp/hard/crtbegin.o
                0x080052e0                        PROVIDE (__fini_array_end = .)
                0x080052e0                        _sidata = LOADADDR (.data)

.data           0x20000000       0x60 load address 0x080052e0
                0x20000000                        . = ALIGN (0x4)
                0x20000000                        _sdata = .
 *(.data)
 .data          0x20000000       0x50 C:/msys64/ucrt64/bin/../lib/gcc/arm-none-eabi/13.3.0/../../../../arm-none-eabi/lib/thumb/v7e-m+fp/hard\libc_nano.a(libc_a-impure.o)
                0x20000000                _impure_ptr
                0x20000004                _impure_data
 *(.data*)
 .data.last_buck_duty.1
                0x20000050        0x4 build/power.o
 .data.last_mode.4
                0x20000054        0x1 build/power.o
 .data.uwTickFreq
                0x20000055        0x1 build/stm32f3xx_hal.o
                0x20000055                uwTickFreq
 *fill*         0x20000056        0x2 
 .data.uwTickPrio
                0x20000058        0x4 build/stm32f3xx_hal.o
                0x20000058                uwTickPrio
 .data.SystemCoreClock
                0x2000005c        0x4 build/system_stm32f3xx.o
                0x2000005c                SystemCoreClock
                0x20000060                        . = ALIGN (0x4)
                0x20000060                        _edata = .
                0x08005340                        _siccmram = LOADADDR (.ccmram)

.igot.plt       0x20000060        0x0 load address 0x08005340
 .igot.plt      0x20000060        0x0 C:/msys64/ucrt64/bin/../lib/gcc/arm-none-eabi/13.3.0/thumb/v7e-m+fp/hard/crtbegin.o

.ccmram         0x10000000        0x0 load address 0x08005340
                0x10000000                        . = ALIGN (0x4)
                0x10000000                        _sccmram = .
 *(.ccmram)
 *(.ccmram*)
                0x10000000                        . = ALIGN (0x4)
                0x10000000                        _eccmram = .
                0x10000000                        . = ALIGN (0x4)

.bss            0x20000060      0x534
                0x20000060                        _sbss = .
                0x20000060                        __bss_start__ = _sbss
 *(.bss)
 .bss           0x20000060      0x13c C:/msys64/ucrt64/bin/../lib/gcc/arm-none-eabi/13.3.0/../../../../arm-none-eabi/lib/thumb/v7e-m+fp/hard\libc_nano.a(libc_a-findfp.o)
                0x20000060                __sf
                0x20000198                __stdio_exit_handler
 *(.bss*)
 .bss.completed.1
                0x2000019c        0x1 C:/msys64/ucrt64/bin/../lib/gcc/arm-none-eabi/13.3.0/thumb/v7e-m+fp/hard/crtbegin.o
 *fill*         0x2000019d        0x3 
 .bss.object.0  0x200001a0       0x18 C:/msys64/ucrt64/bin/../lib/gcc/arm-none-eabi/13.3.0/thumb/v7e-m+fp/hard/crtbegin.o
 .bss.a         0x200001b8        0x1 build/main.o
                0x200001b8                a
 *fill*         0x200001b9        0x3 
 .bss.TxData    0x200001bc        0x8 build/main.o
                0x200001bc                TxData
 .bss.TxMailbox
                0x200001c4        0x4 build/main.o
                0x200001c4                TxMailbox
 .bss.TxHeader  0x200001c8       0x18 build/main.o
                0x200001c8                TxHeader
 .bss.adc_buffer2
                0x200001e0       0x60 build/main.o
                0x200001e0                adc_buffer2
 .bss.adc_buffer1
                0x20000240       0x60 build/main.o
                0x20000240                adc_buffer1
 .bss.hhrtim1   0x200002a0       0xdc build/main.o
                0x200002a0                hhrtim1
 .bss.hcan      0x2000037c       0x28 build/main.o
                0x2000037c                hcan
 .bss.hdma_adc2
                0x200003a4       0x44 build/main.o
                0x200003a4                hdma_adc2
 .bss.hdma_adc1
                0x200003e8       0x44 build/main.o
                0x200003e8                hdma_adc1
 .bss.hadc2     0x2000042c       0x50 build/main.o
                0x2000042c                hadc2
 .bss.hadc1     0x2000047c       0x50 build/main.o
                0x2000047c                hadc1
 .bss.htim3     0x200004cc       0x4c build/main.o
                0x200004cc                htim3
 .bss.logic_err_cnt.0
                0x20000518        0x1 build/stm32f3xx_it.o
 .bss.short_circuit_cnt.1
                0x20000519        0x1 build/stm32f3xx_it.o
 .bss.protect_div.2
                0x2000051a        0x1 build/stm32f3xx_it.o
 *fill*         0x2000051b        0x1 
 .bss.can_div.3
                0x2000051c        0x2 build/stm32f3xx_it.o
 .bss.boot_mask_cnt.4
                0x2000051e        0x2 build/stm32f3xx_it.o
 .bss.HAL_RCC_ADC12_CLK_ENABLED
                0x20000520        0x4 build/stm32f3xx_hal_msp.o
 .bss.last_boost_duty.0
                0x20000524        0x4 build/power.o
 .bss.precharge_duty.2
                0x20000528        0x4 build/power.o
 .bss.last_ENABLE.3
                0x2000052c        0x1 build/power.o
 *fill*         0x2000052d        0x3 
 .bss.g_ctrl    0x20000530       0x44 build/power.o
                0x20000530                g_ctrl
 .bss.task_div.0
                0x20000574        0x2 build/adc.o
 .bss.is_first  0x20000576        0x1 build/adc.o
 *fill*         0x20000577        0x1 
 .bss.tem_filter
                0x20000578        0x4 build/adc.o
 .bss.vb_filter
                0x2000057c        0x4 build/adc.o
 .bss.ib_filter
                0x20000580        0x4 build/adc.o
 .bss.ir_filter
                0x20000584        0x4 build/adc.o
 .bss.ia_filter
                0x20000588        0x4 build/adc.o
 .bss.va_filter
                0x2000058c        0x4 build/adc.o
 .bss.uwTick    0x20000590        0x4 build/stm32f3xx_hal.o
                0x20000590                uwTick
 *(COMMON)
                0x20000594                        . = ALIGN (0x4)
                0x20000594                        _ebss = .
                0x20000594                        __bss_end__ = _ebss

._user_heap_stack
                0x20000594      0x604
                0x20000598                        . = ALIGN (0x8)
 *fill*         0x20000594        0x4 
                [!provide]                        PROVIDE (end = .)
                0x20000598                        PROVIDE (_end = .)
                0x20000798                        . = (. + _Min_Heap_Size)
 *fill*         0x20000598      0x200 
                0x20000b98                        . = (. + _Min_Stack_Size)
 *fill*         0x20000798      0x400 
                0x20000b98                        . = ALIGN (0x8)

/DISCARD/
 libc.a(*)
 libm.a(*)
 libgcc.a(*)
OUTPUT(build/check_the_adc.elf elf32-littlearm)
LOAD linker stubs
LOAD C:/msys64/ucrt64/bin/../lib/gcc/arm-none-eabi/13.3.0/../../../../arm-none-eabi/lib/thumb/v7e-m+fp/hard\libc.a
LOAD C:/msys64/ucrt64/bin/../lib/gcc/arm-none-eabi/13.3.0/../../../../arm-none-eabi/lib/thumb/v7e-m+fp/hard\libm.a
LOAD C:/msys64/ucrt64/bin/../lib/gcc/arm-none-eabi/13.3.0/thumb/v7e-m+fp/hard\libgcc.a

.ARM.attributes
                0x00000000       0x30
 .ARM.attributes
                0x00000000       0x22 C:/msys64/ucrt64/bin/../lib/gcc/arm-none-eabi/13.3.0/thumb/v7e-m+fp/hard/crti.o
 .ARM.attributes
                0x00000022       0x34 C:/msys64/ucrt64/bin/../lib/gcc/arm-none-eabi/13.3.0/thumb/v7e-m+fp/hard/crtbegin.o
 .ARM.attributes
                0x00000056       0x34 build/main.o
 .ARM.attributes
                0x0000008a       0x34 build/stm32f3xx_it.o
 .ARM.attributes
                0x000000be       0x34 build/stm32f3xx_hal_msp.o
 .ARM.attributes
                0x000000f2       0x34 build/power.o
 .ARM.attributes
                0x00000126       0x34 build/adc.o
 .ARM.attributes
                0x0000015a       0x34 build/stm32f3xx_hal_adc.o
 .ARM.attributes
                0x0000018e       0x34 build/stm32f3xx_hal_adc_ex.o
 .ARM.attributes
                0x000001c2       0x34 build/stm32f3xx_hal.o
 .ARM.attributes
                0x000001f6       0x34 build/stm32f3xx_hal_rcc.o
 .ARM.attributes
                0x0000022a       0x34 build/stm32f3xx_hal_rcc_ex.o
 .ARM.attributes
                0x0000025e       0x34 build/stm32f3xx_hal_gpio.o
 .ARM.attributes
                0x00000292       0x34 build/stm32f3xx_hal_tim.o
 .ARM.attributes
                0x000002c6       0x34 build/stm32f3xx_hal_tim_ex.o
 .ARM.attributes
                0x000002fa       0x34 build/stm32f3xx_hal_dma.o
 .ARM.attributes
                0x0000032e       0x34 build/stm32f3xx_hal_cortex.o
 .ARM.attributes
                0x00000362       0x34 build/system_stm32f3xx.o
 .ARM.attributes
                0x00000396       0x34 build/stm32f3xx_hal_can.o
 .ARM.attributes
                0x000003ca       0x34 build/stm32f3xx_hal_hrtim.o
 .ARM.attributes
                0x000003fe       0x21 build/startup_stm32f334x8.o
 .ARM.attributes
                0x0000041f       0x34 C:/msys64/ucrt64/bin/../lib/gcc/arm-none-eabi/13.3.0/../../../../arm-none-eabi/lib/thumb/v7e-m+fp/hard\libc_nano.a(libc_a-findfp.o)
 .ARM.attributes
                0x00000453       0x34 C:/msys64/ucrt64/bin/../lib/gcc/arm-none-eabi/13.3.0/../../../../arm-none-eabi/lib/thumb/v7e-m+fp/hard\libc_nano.a(libc_a-memset.o)
 .ARM.attributes
                0x00000487       0x34 C:/msys64/ucrt64/bin/../lib/gcc/arm-none-eabi/13.3.0/../../../../arm-none-eabi/lib/thumb/v7e-m+fp/hard\libc_nano.a(libc_a-impure.o)
 .ARM.attributes
                0x000004bb       0x34 C:/msys64/ucrt64/bin/../lib/gcc/arm-none-eabi/13.3.0/../../../../arm-none-eabi/lib/thumb/v7e-m+fp/hard\libc_nano.a(libc_a-errno.o)
 .ARM.attributes
                0x000004ef       0x34 C:/msys64/ucrt64/bin/../lib/gcc/arm-none-eabi/13.3.0/../../../../arm-none-eabi/lib/thumb/v7e-m+fp/hard\libc_nano.a(libc_a-init.o)
 .ARM.attributes
                0x00000523       0x34 C:/msys64/ucrt64/bin/../lib/gcc/arm-none-eabi/13.3.0/../../../../arm-none-eabi/lib/thumb/v7e-m+fp/hard\libm.a(libm_a-wf_log.o)
 .ARM.attributes
                0x00000557       0x34 C:/msys64/ucrt64/bin/../lib/gcc/arm-none-eabi/13.3.0/../../../../arm-none-eabi/lib/thumb/v7e-m+fp/hard\libm.a(libm_a-sf_nan.o)
 .ARM.attributes
                0x0000058b       0x34 C:/msys64/ucrt64/bin/../lib/gcc/arm-none-eabi/13.3.0/../../../../arm-none-eabi/lib/thumb/v7e-m+fp/hard\libm.a(libm_a-ef_log.o)
 .ARM.attributes
                0x000005bf       0x22 C:/msys64/ucrt64/bin/../lib/gcc/arm-none-eabi/13.3.0/thumb/v7e-m+fp/hard\libgcc.a(_arm_addsubdf3.o)
 .ARM.attributes
                0x000005e1       0x22 C:/msys64/ucrt64/bin/../lib/gcc/arm-none-eabi/13.3.0/thumb/v7e-m+fp/hard\libgcc.a(_arm_truncdfsf2.o)
 .ARM.attributes
                0x00000603       0x22 C:/msys64/ucrt64/bin/../lib/gcc/arm-none-eabi/13.3.0/thumb/v7e-m+fp/hard/crtn.o

.comment        0x00000000       0x12
 .comment       0x00000000       0x12 build/main.o
                                 0x13 (size before relaxing)
 .comment       0x00000012        0x0 build/stm32f3xx_it.o
                                 0x13 (size before relaxing)
 .comment       0x00000012        0x0 build/stm32f3xx_hal_msp.o
                                 0x13 (size before relaxing)
 .comment       0x00000012        0x0 build/power.o
                                 0x13 (size before relaxing)
 .comment       0x00000012        0x0 build/adc.o
                                 0x13 (size before relaxing)
 .comment       0x00000012        0x0 build/stm32f3xx_hal_adc.o
                                 0x13 (size before relaxing)
 .comment       0x00000012        0x0 build/stm32f3xx_hal_adc_ex.o
                                 0x13 (size before relaxing)
 .comment       0x00000012        0x0 build/stm32f3xx_hal.o
                                 0x13 (size before relaxing)
 .comment       0x00000012        0x0 build/stm32f3xx_hal_rcc.o
                                 0x13 (size before relaxing)
 .comment       0x00000012        0x0 build/stm32f3xx_hal_rcc_ex.o
                                 0x13 (size before relaxing)
 .comment       0x00000012        0x0 build/stm32f3xx_hal_gpio.o
                                 0x13 (size before relaxing)
 .comment       0x00000012        0x0 build/stm32f3xx_hal_tim.o
                                 0x13 (size before relaxing)
 .comment       0x00000012        0x0 build/stm32f3xx_hal_tim_ex.o
                                 0x13 (size before relaxing)
 .comment       0x00000012        0x0 build/stm32f3xx_hal_dma.o
                                 0x13 (size before relaxing)
 .comment       0x00000012        0x0 build/stm32f3xx_hal_cortex.o
                                 0x13 (size before relaxing)
 .comment       0x00000012        0x0 build/system_stm32f3xx.o
                                 0x13 (size before relaxing)
 .comment       0x00000012        0x0 build/stm32f3xx_hal_can.o
                                 0x13 (size before relaxing)
 .comment       0x00000012        0x0 build/stm32f3xx_hal_hrtim.o
                                 0x13 (size before relaxing)
 .comment       0x00000012        0x0 C:/msys64/ucrt64/bin/../lib/gcc/arm-none-eabi/13.3.0/../../../../arm-none-eabi/lib/thumb/v7e-m+fp/hard\libc_nano.a(libc_a-findfp.o)
                                 0x13 (size before relaxing)
 .comment       0x00000012        0x0 C:/msys64/ucrt64/bin/../lib/gcc/arm-none-eabi/13.3.0/../../../../arm-none-eabi/lib/thumb/v7e-m+fp/hard\libc_nano.a(libc_a-memset.o)
                                 0x13 (size before relaxing)
 .comment       0x00000012        0x0 C:/msys64/ucrt64/bin/../lib/gcc/arm-none-eabi/13.3.0/../../../../arm-none-eabi/lib/thumb/v7e-m+fp/hard\libc_nano.a(libc_a-impure.o)
                                 0x13 (size before relaxing)
 .comment       0x00000012        0x0 C:/msys64/ucrt64/bin/../lib/gcc/arm-none-eabi/13.3.0/../../../../arm-none-eabi/lib/thumb/v7e-m+fp/hard\libc_nano.a(libc_a-errno.o)
                                 0x13 (size before relaxing)
 .comment       0x00000012        0x0 C:/msys64/ucrt64/bin/../lib/gcc/arm-none-eabi/13.3.0/../../../../arm-none-eabi/lib/thumb/v7e-m+fp/hard\libc_nano.a(libc_a-init.o)
                                 0x13 (size before relaxing)

.debug_info     0x00000000    0x1d4b4
 .debug_info    0x00000000     0x3557 build/main.o
 .debug_info    0x00003557     0x1705 build/stm32f3xx_it.o
 .debug_info    0x00004c5c     0x1b3b build/stm32f3xx_hal_msp.o
 .debug_info    0x00006797      0xee8 build/power.o
 .debug_info    0x0000767f      0x6dd build/adc.o
 .debug_info    0x00007d5c      0xd01 build/stm32f3xx_hal_adc.o
 .debug_info    0x00008a5d     0x200e build/stm32f3xx_hal_adc_ex.o
 .debug_info    0x0000aa6b      0x8fd build/stm32f3xx_hal.o
 .debug_info    0x0000b368     0x1661 build/stm32f3xx_hal_rcc.o
 .debug_info    0x0000c9c9      0x687 build/stm32f3xx_hal_rcc_ex.o
 .debug_info    0x0000d050      0x824 build/stm32f3xx_hal_gpio.o
 .debug_info    0x0000d874     0x423b build/stm32f3xx_hal_tim.o
 .debug_info    0x00011aaf     0x1e4b build/stm32f3xx_hal_tim_ex.o
 .debug_info    0x000138fa      0x90c build/stm32f3xx_hal_dma.o
 .debug_info    0x00014206      0xe6a build/stm32f3xx_hal_cortex.o
 .debug_info    0x00015070      0x47d build/system_stm32f3xx.o
 .debug_info    0x000154ed     0x1380 build/stm32f3xx_hal_can.o
 .debug_info    0x0001686d     0x49f1 build/stm32f3xx_hal_hrtim.o
 .debug_info    0x0001b25e       0x30 build/startup_stm32f334x8.o
 .debug_info    0x0001b28e     0x10c4 C:/msys64/ucrt64/bin/../lib/gcc/arm-none-eabi/13.3.0/../../../../arm-none-eabi/lib/thumb/v7e-m+fp/hard\libc_nano.a(libc_a-findfp.o)
 .debug_info    0x0001c352      0x135 C:/msys64/ucrt64/bin/../lib/gcc/arm-none-eabi/13.3.0/../../../../arm-none-eabi/lib/thumb/v7e-m+fp/hard\libc_nano.a(libc_a-memset.o)
 .debug_info    0x0001c487      0x715 C:/msys64/ucrt64/bin/../lib/gcc/arm-none-eabi/13.3.0/../../../../arm-none-eabi/lib/thumb/v7e-m+fp/hard\libc_nano.a(libc_a-impure.o)
 .debug_info    0x0001cb9c      0x6fb C:/msys64/ucrt64/bin/../lib/gcc/arm-none-eabi/13.3.0/../../../../arm-none-eabi/lib/thumb/v7e-m+fp/hard\libc_nano.a(libc_a-errno.o)
 .debug_info    0x0001d297      0x10b C:/msys64/ucrt64/bin/../lib/gcc/arm-none-eabi/13.3.0/../../../../arm-none-eabi/lib/thumb/v7e-m+fp/hard\libc_nano.a(libc_a-init.o)
 .debug_info    0x0001d3a2       0xd3 C:/msys64/ucrt64/bin/../lib/gcc/arm-none-eabi/13.3.0/thumb/v7e-m+fp/hard\libgcc.a(_arm_addsubdf3.o)
 .debug_info    0x0001d475       0x3f C:/msys64/ucrt64/bin/../lib/gcc/arm-none-eabi/13.3.0/thumb/v7e-m+fp/hard\libgcc.a(_arm_truncdfsf2.o)

.debug_abbrev   0x00000000     0x3550
 .debug_abbrev  0x00000000      0x33a build/main.o
 .debug_abbrev  0x0000033a      0x27a build/stm32f3xx_it.o
 .debug_abbrev  0x000005b4      0x297 build/stm32f3xx_hal_msp.o
 .debug_abbrev  0x0000084b      0x1d4 build/power.o
 .debug_abbrev  0x00000a1f      0x1da build/adc.o
 .debug_abbrev  0x00000bf9      0x18d build/stm32f3xx_hal_adc.o
 .debug_abbrev  0x00000d86      0x337 build/stm32f3xx_hal_adc_ex.o
 .debug_abbrev  0x000010bd      0x245 build/stm32f3xx_hal.o
 .debug_abbrev  0x00001302      0x353 build/stm32f3xx_hal_rcc.o
 .debug_abbrev  0x00001655      0x266 build/stm32f3xx_hal_rcc_ex.o
 .debug_abbrev  0x000018bb      0x222 build/stm32f3xx_hal_gpio.o
 .debug_abbrev  0x00001add      0x2bd build/stm32f3xx_hal_tim.o
 .debug_abbrev  0x00001d9a      0x2b7 build/stm32f3xx_hal_tim_ex.o
 .debug_abbrev  0x00002051      0x26a build/stm32f3xx_hal_dma.o
 .debug_abbrev  0x000022bb      0x3aa build/stm32f3xx_hal_cortex.o
 .debug_abbrev  0x00002665      0x11b build/system_stm32f3xx.o
 .debug_abbrev  0x00002780      0x235 build/stm32f3xx_hal_can.o
 .debug_abbrev  0x000029b5      0x2c1 build/stm32f3xx_hal_hrtim.o
 .debug_abbrev  0x00002c76       0x1d build/startup_stm32f334x8.o
 .debug_abbrev  0x00002c93      0x446 C:/msys64/ucrt64/bin/../lib/gcc/arm-none-eabi/13.3.0/../../../../arm-none-eabi/lib/thumb/v7e-m+fp/hard\libc_nano.a(libc_a-findfp.o)
 .debug_abbrev  0x000030d9       0xb7 C:/msys64/ucrt64/bin/../lib/gcc/arm-none-eabi/13.3.0/../../../../arm-none-eabi/lib/thumb/v7e-m+fp/hard\libc_nano.a(libc_a-memset.o)
 .debug_abbrev  0x00003190      0x149 C:/msys64/ucrt64/bin/../lib/gcc/arm-none-eabi/13.3.0/../../../../arm-none-eabi/lib/thumb/v7e-m+fp/hard\libc_nano.a(libc_a-impure.o)
 .debug_abbrev  0x000032d9      0x15e C:/msys64/ucrt64/bin/../lib/gcc/arm-none-eabi/13.3.0/../../../../arm-none-eabi/lib/thumb/v7e-m+fp/hard\libc_nano.a(libc_a-errno.o)
 .debug_abbrev  0x00003437       0xc9 C:/msys64/ucrt64/bin/../lib/gcc/arm-none-eabi/13.3.0/../../../../arm-none-eabi/lib/thumb/v7e-m+fp/hard\libc_nano.a(libc_a-init.o)
 .debug_abbrev  0x00003500       0x28 C:/msys64/ucrt64/bin/../lib/gcc/arm-none-eabi/13.3.0/thumb/v7e-m+fp/hard\libgcc.a(_arm_addsubdf3.o)
 .debug_abbrev  0x00003528       0x28 C:/msys64/ucrt64/bin/../lib/gcc/arm-none-eabi/13.3.0/thumb/v7e-m+fp/hard\libgcc.a(_arm_truncdfsf2.o)

.debug_loc      0x00000000    0x17c25
 .debug_loc     0x00000000      0x236 build/main.o
 .debug_loc     0x00000236      0x1fb build/stm32f3xx_it.o
 .debug_loc     0x00000431      0x32e build/stm32f3xx_hal_msp.o
 .debug_loc     0x0000075f      0x5bb build/power.o
 .debug_loc     0x00000d1a      0x5f4 build/adc.o
 .debug_loc     0x0000130e      0x285 build/stm32f3xx_hal_adc.o
 .debug_loc     0x00001593     0x2717 build/stm32f3xx_hal_adc_ex.o
 .debug_loc     0x00003caa      0x1f9 build/stm32f3xx_hal.o
 .debug_loc     0x00003ea3      0xf05 build/stm32f3xx_hal_rcc.o
 .debug_loc     0x00004da8      0x8b0 build/stm32f3xx_hal_rcc_ex.o
 .debug_loc     0x00005658      0x499 build/stm32f3xx_hal_gpio.o
 .debug_loc     0x00005af1     0x65d0 build/stm32f3xx_hal_tim.o
 .debug_loc     0x0000c0c1     0x26fb build/stm32f3xx_hal_tim_ex.o
 .debug_loc     0x0000e7bc      0x9d1 build/stm32f3xx_hal_dma.o
 .debug_loc     0x0000f18d      0x8b4 build/stm32f3xx_hal_cortex.o
 .debug_loc     0x0000fa41      0x14d build/system_stm32f3xx.o
 .debug_loc     0x0000fb8e     0x10d3 build/stm32f3xx_hal_can.o
 .debug_loc     0x00010c61     0x6fc4 build/stm32f3xx_hal_hrtim.o

.debug_aranges  0x00000000     0x12c8
 .debug_aranges
                0x00000000       0x68 build/main.o
 .debug_aranges
                0x00000068       0x90 build/stm32f3xx_it.o
 .debug_aranges
                0x000000f8       0x58 build/stm32f3xx_hal_msp.o
 .debug_aranges
                0x00000150       0x20 build/power.o
 .debug_aranges
                0x00000170       0x28 build/adc.o
 .debug_aranges
                0x00000198       0xc8 build/stm32f3xx_hal_adc.o
 .debug_aranges
                0x00000260      0x168 build/stm32f3xx_hal_adc_ex.o
 .debug_aranges
                0x000003c8       0xe0 build/stm32f3xx_hal.o
 .debug_aranges
                0x000004a8       0x88 build/stm32f3xx_hal_rcc.o
 .debug_aranges
                0x00000530       0x38 build/stm32f3xx_hal_rcc_ex.o
 .debug_aranges
                0x00000568       0x58 build/stm32f3xx_hal_gpio.o
 .debug_aranges
                0x000005c0      0x3e0 build/stm32f3xx_hal_tim.o
 .debug_aranges
                0x000009a0      0x178 build/stm32f3xx_hal_tim_ex.o
 .debug_aranges
                0x00000b18       0x88 build/stm32f3xx_hal_dma.o
 .debug_aranges
                0x00000ba0       0xc0 build/stm32f3xx_hal_cortex.o
 .debug_aranges
                0x00000c60       0x28 build/system_stm32f3xx.o
 .debug_aranges
                0x00000c88      0x138 build/stm32f3xx_hal_can.o
 .debug_aranges
                0x00000dc0      0x408 build/stm32f3xx_hal_hrtim.o
 .debug_aranges
                0x000011c8       0x28 build/startup_stm32f334x8.o
 .debug_aranges
                0x000011f0       0x20 C:/msys64/ucrt64/bin/../lib/gcc/arm-none-eabi/13.3.0/../../../../arm-none-eabi/lib/thumb/v7e-m+fp/hard\libc_nano.a(libc_a-findfp.o)
 .debug_aranges
                0x00001210       0x20 C:/msys64/ucrt64/bin/../lib/gcc/arm-none-eabi/13.3.0/../../../../arm-none-eabi/lib/thumb/v7e-m+fp/hard\libc_nano.a(libc_a-memset.o)
 .debug_aranges
                0x00001230       0x18 C:/msys64/ucrt64/bin/../lib/gcc/arm-none-eabi/13.3.0/../../../../arm-none-eabi/lib/thumb/v7e-m+fp/hard\libc_nano.a(libc_a-impure.o)
 .debug_aranges
                0x00001248       0x20 C:/msys64/ucrt64/bin/../lib/gcc/arm-none-eabi/13.3.0/../../../../arm-none-eabi/lib/thumb/v7e-m+fp/hard\libc_nano.a(libc_a-errno.o)
 .debug_aranges
                0x00001268       0x20 C:/msys64/ucrt64/bin/../lib/gcc/arm-none-eabi/13.3.0/../../../../arm-none-eabi/lib/thumb/v7e-m+fp/hard\libc_nano.a(libc_a-init.o)
 .debug_aranges
                0x00001288       0x20 C:/msys64/ucrt64/bin/../lib/gcc/arm-none-eabi/13.3.0/thumb/v7e-m+fp/hard\libgcc.a(_arm_addsubdf3.o)
 .debug_aranges
                0x000012a8       0x20 C:/msys64/ucrt64/bin/../lib/gcc/arm-none-eabi/13.3.0/thumb/v7e-m+fp/hard\libgcc.a(_arm_truncdfsf2.o)

.debug_ranges   0x00000000     0x1130
 .debug_ranges  0x00000000       0x58 build/main.o
 .debug_ranges  0x00000058       0x98 build/stm32f3xx_it.o
 .debug_ranges  0x000000f0       0x48 build/stm32f3xx_hal_msp.o
 .debug_ranges  0x00000138       0x10 build/power.o
 .debug_ranges  0x00000148       0x48 build/adc.o
 .debug_ranges  0x00000190       0xb8 build/stm32f3xx_hal_adc.o
 .debug_ranges  0x00000248      0x158 build/stm32f3xx_hal_adc_ex.o
 .debug_ranges  0x000003a0       0xd0 build/stm32f3xx_hal.o
 .debug_ranges  0x00000470       0x98 build/stm32f3xx_hal_rcc.o
 .debug_ranges  0x00000508       0x28 build/stm32f3xx_hal_rcc_ex.o
 .debug_ranges  0x00000530       0x48 build/stm32f3xx_hal_gpio.o
 .debug_ranges  0x00000578      0x3d0 build/stm32f3xx_hal_tim.o
 .debug_ranges  0x00000948      0x168 build/stm32f3xx_hal_tim_ex.o
 .debug_ranges  0x00000ab0       0x78 build/stm32f3xx_hal_dma.o
 .debug_ranges  0x00000b28       0xb0 build/stm32f3xx_hal_cortex.o
 .debug_ranges  0x00000bd8       0x18 build/system_stm32f3xx.o
 .debug_ranges  0x00000bf0      0x128 build/stm32f3xx_hal_can.o
 .debug_ranges  0x00000d18      0x3f8 build/stm32f3xx_hal_hrtim.o
 .debug_ranges  0x00001110       0x20 build/startup_stm32f334x8.o

.debug_line     0x00000000    0x1537d
 .debug_line    0x00000000      0xc55 build/main.o
 .debug_line    0x00000c55      0x5df build/stm32f3xx_it.o
 .debug_line    0x00001234      0x541 build/stm32f3xx_hal_msp.o
 .debug_line    0x00001775      0xac6 build/power.o
 .debug_line    0x0000223b      0x42d build/adc.o
 .debug_line    0x00002668      0x3ec build/stm32f3xx_hal_adc.o
 .debug_line    0x00002a54     0x227f build/stm32f3xx_hal_adc_ex.o
 .debug_line    0x00004cd3      0x4da build/stm32f3xx_hal.o
 .debug_line    0x000051ad     0x1275 build/stm32f3xx_hal_rcc.o
 .debug_line    0x00006422      0x6d9 build/stm32f3xx_hal_rcc_ex.o
 .debug_line    0x00006afb      0x636 build/stm32f3xx_hal_gpio.o
 .debug_line    0x00007131     0x4a5c build/stm32f3xx_hal_tim.o
 .debug_line    0x0000bb8d     0x1abb build/stm32f3xx_hal_tim_ex.o
 .debug_line    0x0000d648      0x98d build/stm32f3xx_hal_dma.o
 .debug_line    0x0000dfd5      0x643 build/stm32f3xx_hal_cortex.o
 .debug_line    0x0000e618      0x1f9 build/system_stm32f3xx.o
 .debug_line    0x0000e811     0x10e1 build/stm32f3xx_hal_can.o
 .debug_line    0x0000f8f2     0x4caa build/stm32f3xx_hal_hrtim.o
 .debug_line    0x0001459c       0x73 build/startup_stm32f334x8.o
 .debug_line    0x0001460f      0x66c C:/msys64/ucrt64/bin/../lib/gcc/arm-none-eabi/13.3.0/../../../../arm-none-eabi/lib/thumb/v7e-m+fp/hard\libc_nano.a(libc_a-findfp.o)
 .debug_line    0x00014c7b      0x1c9 C:/msys64/ucrt64/bin/../lib/gcc/arm-none-eabi/13.3.0/../../../../arm-none-eabi/lib/thumb/v7e-m+fp/hard\libc_nano.a(libc_a-memset.o)
 .debug_line    0x00014e44       0xfa C:/msys64/ucrt64/bin/../lib/gcc/arm-none-eabi/13.3.0/../../../../arm-none-eabi/lib/thumb/v7e-m+fp/hard\libc_nano.a(libc_a-impure.o)
 .debug_line    0x00014f3e      0x11f C:/msys64/ucrt64/bin/../lib/gcc/arm-none-eabi/13.3.0/../../../../arm-none-eabi/lib/thumb/v7e-m+fp/hard\libc_nano.a(libc_a-errno.o)
 .debug_line    0x0001505d      0x13b C:/msys64/ucrt64/bin/../lib/gcc/arm-none-eabi/13.3.0/../../../../arm-none-eabi/lib/thumb/v7e-m+fp/hard\libc_nano.a(libc_a-init.o)
 .debug_line    0x00015198      0x16f C:/msys64/ucrt64/bin/../lib/gcc/arm-none-eabi/13.3.0/thumb/v7e-m+fp/hard\libgcc.a(_arm_addsubdf3.o)
 .debug_line    0x00015307       0x76 C:/msys64/ucrt64/bin/../lib/gcc/arm-none-eabi/13.3.0/thumb/v7e-m+fp/hard\libgcc.a(_arm_truncdfsf2.o)

.debug_str      0x00000000     0x6a70
 .debug_str     0x00000000     0x6a70 build/main.o
                               0x1fb9 (size before relaxing)
 .debug_str     0x00006a70        0x0 build/stm32f3xx_it.o
                                0xeae (size before relaxing)
 .debug_str     0x00006a70        0x0 build/stm32f3xx_hal_msp.o
                               0x1152 (size before relaxing)
 .debug_str     0x00006a70        0x0 build/power.o
                                0xa80 (size before relaxing)
 .debug_str     0x00006a70        0x0 build/adc.o
                                0x4b2 (size before relaxing)
 .debug_str     0x00006a70        0x0 build/stm32f3xx_hal_adc.o
                                0x888 (size before relaxing)
 .debug_str     0x00006a70        0x0 build/stm32f3xx_hal_adc_ex.o
                                0xede (size before relaxing)
 .debug_str     0x00006a70        0x0 build/stm32f3xx_hal.o
                                0x8a5 (size before relaxing)
 .debug_str     0x00006a70        0x0 build/stm32f3xx_hal_rcc.o
                                0x643 (size before relaxing)
 .debug_str     0x00006a70        0x0 build/stm32f3xx_hal_rcc_ex.o
                                0x44f (size before relaxing)
 .debug_str     0x00006a70        0x0 build/stm32f3xx_hal_gpio.o
                                0x468 (size before relaxing)
 .debug_str     0x00006a70        0x0 build/stm32f3xx_hal_tim.o
                               0x16d2 (size before relaxing)
 .debug_str     0x00006a70        0x0 build/stm32f3xx_hal_tim_ex.o
                                0xf18 (size before relaxing)
 .debug_str     0x00006a70        0x0 build/stm32f3xx_hal_dma.o
                                0x5e3 (size before relaxing)
 .debug_str     0x00006a70        0x0 build/stm32f3xx_hal_cortex.o
                                0x928 (size before relaxing)
 .debug_str     0x00006a70        0x0 build/system_stm32f3xx.o
                                0x29b (size before relaxing)
 .debug_str     0x00006a70        0x0 build/stm32f3xx_hal_can.o
                                0x9f0 (size before relaxing)
 .debug_str     0x00006a70        0x0 build/stm32f3xx_hal_hrtim.o
                               0x1e95 (size before relaxing)
 .debug_str     0x00006a70        0x0 build/startup_stm32f334x8.o
                                 0x4a (size before relaxing)
 .debug_str     0x00006a70        0x0 C:/msys64/ucrt64/bin/../lib/gcc/arm-none-eabi/13.3.0/../../../../arm-none-eabi/lib/thumb/v7e-m+fp/hard\libc_nano.a(libc_a-findfp.o)
                                0x729 (size before relaxing)
 .debug_str     0x00006a70        0x0 C:/msys64/ucrt64/bin/../lib/gcc/arm-none-eabi/13.3.0/../../../../arm-none-eabi/lib/thumb/v7e-m+fp/hard\libc_nano.a(libc_a-memset.o)
                                0x19a (size before relaxing)
 .debug_str     0x00006a70        0x0 C:/msys64/ucrt64/bin/../lib/gcc/arm-none-eabi/13.3.0/../../../../arm-none-eabi/lib/thumb/v7e-m+fp/hard\libc_nano.a(libc_a-impure.o)
                                0x4a6 (size before relaxing)
 .debug_str     0x00006a70        0x0 C:/msys64/ucrt64/bin/../lib/gcc/arm-none-eabi/13.3.0/../../../../arm-none-eabi/lib/thumb/v7e-m+fp/hard\libc_nano.a(libc_a-errno.o)
                                0x4a0 (size before relaxing)
 .debug_str     0x00006a70        0x0 C:/msys64/ucrt64/bin/../lib/gcc/arm-none-eabi/13.3.0/../../../../arm-none-eabi/lib/thumb/v7e-m+fp/hard\libc_nano.a(libc_a-init.o)
                                0x1e7 (size before relaxing)
 .debug_str     0x00006a70        0x0 C:/msys64/ucrt64/bin/../lib/gcc/arm-none-eabi/13.3.0/thumb/v7e-m+fp/hard\libgcc.a(_arm_addsubdf3.o)
                                0x12e (size before relaxing)
 .debug_str     0x00006a70        0x0 C:/msys64/ucrt64/bin/../lib/gcc/arm-none-eabi/13.3.0/thumb/v7e-m+fp/hard\libgcc.a(_arm_truncdfsf2.o)
                                 0x9b (size before relaxing)

.debug_frame    0x00000000     0x33bc
 .debug_frame   0x00000000      0x13c build/main.o
 .debug_frame   0x0000013c      0x140 build/stm32f3xx_it.o
 .debug_frame   0x0000027c       0xe0 build/stm32f3xx_hal_msp.o
 .debug_frame   0x0000035c       0x3c build/power.o
 .debug_frame   0x00000398       0x40 build/adc.o
 .debug_frame   0x000003d8      0x170 build/stm32f3xx_hal_adc.o
 .debug_frame   0x00000548      0x4d8 build/stm32f3xx_hal_adc_ex.o
 .debug_frame   0x00000a20      0x1cc build/stm32f3xx_hal.o
 .debug_frame   0x00000bec      0x170 build/stm32f3xx_hal_rcc.o
 .debug_frame   0x00000d5c       0x6c build/stm32f3xx_hal_rcc_ex.o
 .debug_frame   0x00000dc8       0xd0 build/stm32f3xx_hal_gpio.o
 .debug_frame   0x00000e98      0xb4c build/stm32f3xx_hal_tim.o
 .debug_frame   0x000019e4      0x45c build/stm32f3xx_hal_tim_ex.o
 .debug_frame   0x00001e40      0x160 build/stm32f3xx_hal_dma.o
 .debug_frame   0x00001fa0      0x19c build/stm32f3xx_hal_cortex.o
 .debug_frame   0x0000213c       0x30 build/system_stm32f3xx.o
 .debug_frame   0x0000216c      0x2dc build/stm32f3xx_hal_can.o
 .debug_frame   0x00002448      0xc68 build/stm32f3xx_hal_hrtim.o
 .debug_frame   0x000030b0      0x13c C:/msys64/ucrt64/bin/../lib/gcc/arm-none-eabi/13.3.0/../../../../arm-none-eabi/lib/thumb/v7e-m+fp/hard\libc_nano.a(libc_a-findfp.o)
 .debug_frame   0x000031ec       0x2c C:/msys64/ucrt64/bin/../lib/gcc/arm-none-eabi/13.3.0/../../../../arm-none-eabi/lib/thumb/v7e-m+fp/hard\libc_nano.a(libc_a-memset.o)
 .debug_frame   0x00003218       0x20 C:/msys64/ucrt64/bin/../lib/gcc/arm-none-eabi/13.3.0/../../../../arm-none-eabi/lib/thumb/v7e-m+fp/hard\libc_nano.a(libc_a-errno.o)
 .debug_frame   0x00003238       0x2c C:/msys64/ucrt64/bin/../lib/gcc/arm-none-eabi/13.3.0/../../../../arm-none-eabi/lib/thumb/v7e-m+fp/hard\libc_nano.a(libc_a-init.o)
 .debug_frame   0x00003264       0x48 C:/msys64/ucrt64/bin/../lib/gcc/arm-none-eabi/13.3.0/../../../../arm-none-eabi/lib/thumb/v7e-m+fp/hard\libm.a(libm_a-wf_log.o)
 .debug_frame   0x000032ac       0x20 C:/msys64/ucrt64/bin/../lib/gcc/arm-none-eabi/13.3.0/../../../../arm-none-eabi/lib/thumb/v7e-m+fp/hard\libm.a(libm_a-sf_nan.o)
 .debug_frame   0x000032cc       0x20 C:/msys64/ucrt64/bin/../lib/gcc/arm-none-eabi/13.3.0/../../../../arm-none-eabi/lib/thumb/v7e-m+fp/hard\libm.a(libm_a-ef_log.o)
 .debug_frame   0x000032ec       0xac C:/msys64/ucrt64/bin/../lib/gcc/arm-none-eabi/13.3.0/thumb/v7e-m+fp/hard\libgcc.a(_arm_addsubdf3.o)
 .debug_frame   0x00003398       0x24 C:/msys64/ucrt64/bin/../lib/gcc/arm-none-eabi/13.3.0/thumb/v7e-m+fp/hard\libgcc.a(_arm_truncdfsf2.o)

.debug_loclists
                0x00000000      0x890
 .debug_loclists
                0x00000000      0x2b8 C:/msys64/ucrt64/bin/../lib/gcc/arm-none-eabi/13.3.0/../../../../arm-none-eabi/lib/thumb/v7e-m+fp/hard\libc_nano.a(libc_a-findfp.o)
 .debug_loclists
                0x000002b8      0x1c2 C:/msys64/ucrt64/bin/../lib/gcc/arm-none-eabi/13.3.0/../../../../arm-none-eabi/lib/thumb/v7e-m+fp/hard\libc_nano.a(libc_a-memset.o)
 .debug_loclists
                0x0000047a       0x65 C:/msys64/ucrt64/bin/../lib/gcc/arm-none-eabi/13.3.0/../../../../arm-none-eabi/lib/thumb/v7e-m+fp/hard\libc_nano.a(libc_a-init.o)
 .debug_loclists
                0x000004df       0x4e C:/msys64/ucrt64/bin/../lib/gcc/arm-none-eabi/13.3.0/../../../../arm-none-eabi/lib/thumb/v7e-m+fp/hard\libm.a(libm_a-wf_log.o)
 .debug_loclists
                0x0000052d      0x363 C:/msys64/ucrt64/bin/../lib/gcc/arm-none-eabi/13.3.0/../../../../arm-none-eabi/lib/thumb/v7e-m+fp/hard\libm.a(libm_a-ef_log.o)

.debug_rnglists
                0x00000000       0xcc
 .debug_rnglists
                0x00000000       0x9f C:/msys64/ucrt64/bin/../lib/gcc/arm-none-eabi/13.3.0/../../../../arm-none-eabi/lib/thumb/v7e-m+fp/hard\libc_nano.a(libc_a-findfp.o)
 .debug_rnglists
                0x0000009f       0x2d C:/msys64/ucrt64/bin/../lib/gcc/arm-none-eabi/13.3.0/../../../../arm-none-eabi/lib/thumb/v7e-m+fp/hard\libm.a(libm_a-ef_log.o)

.debug_line_str
                0x00000000       0x76
 .debug_line_str
                0x00000000       0x76 C:/msys64/ucrt64/bin/../lib/gcc/arm-none-eabi/13.3.0/thumb/v7e-m+fp/hard\libgcc.a(_arm_addsubdf3.o)
 .debug_line_str
                0x00000076        0x0 C:/msys64/ucrt64/bin/../lib/gcc/arm-none-eabi/13.3.0/thumb/v7e-m+fp/hard\libgcc.a(_arm_truncdfsf2.o)
                                 0x76 (size before relaxing)

Cross Reference Table

Symbol                                            File
ADC1_2_IRQHandler                                 build/startup_stm32f334x8.o
AHBPrescTable                                     build/system_stm32f3xx.o
                                                  build/stm32f3xx_hal_rcc.o
APBPrescTable                                     build/system_stm32f3xx.o
                                                  build/stm32f3xx_hal_rcc.o
BusFault_Handler                                  build/stm32f3xx_it.o
CAN_RX0_IRQHandler                                build/stm32f3xx_it.o
CAN_RX1_IRQHandler                                build/startup_stm32f334x8.o
CAN_SCE_IRQHandler                                build/startup_stm32f334x8.o
CAN_TX_IRQHandler                                 build/startup_stm32f334x8.o
COMP2_IRQHandler                                  build/startup_stm32f334x8.o
COMP4_6_IRQHandler                                build/startup_stm32f334x8.o
Check_Protection_Fast                             build/stm32f3xx_it.o
Check_Protection_Slow                             build/stm32f3xx_it.o
DMA1_Channel1_IRQHandler                          build/stm32f3xx_it.o
DMA1_Channel2_IRQHandler                          build/stm32f3xx_it.o
DMA1_Channel3_IRQHandler                          build/startup_stm32f334x8.o
DMA1_Channel4_IRQHandler                          build/startup_stm32f334x8.o
DMA1_Channel5_IRQHandler                          build/startup_stm32f334x8.o
DMA1_Channel6_IRQHandler                          build/startup_stm32f334x8.o
DMA1_Channel7_IRQHandler                          build/startup_stm32f334x8.o
DebugMon_Handler                                  build/stm32f3xx_it.o
Default_Handler                                   build/startup_stm32f334x8.o
EXTI0_IRQHandler                                  build/startup_stm32f334x8.o
EXTI15_10_IRQHandler                              build/startup_stm32f334x8.o
EXTI1_IRQHandler                                  build/startup_stm32f334x8.o
EXTI2_TSC_IRQHandler                              build/startup_stm32f334x8.o
EXTI3_IRQHandler                                  build/startup_stm32f334x8.o
EXTI4_IRQHandler                                  build/startup_stm32f334x8.o
EXTI9_5_IRQHandler                                build/startup_stm32f334x8.o
Error_Handler                                     build/main.o
                                                  build/stm32f3xx_hal_msp.o
FLASH_IRQHandler                                  build/startup_stm32f334x8.o
FLASH_PageErase                                   build/stm32f3xx_hal_flash_ex.o
                                                  build/stm32f3xx_hal_flash.o
FLASH_WaitForLastOperation                        build/stm32f3xx_hal_flash.o
                                                  build/stm32f3xx_hal_flash_ex.o
FPU_IRQHandler                                    build/startup_stm32f334x8.o
HAL_ADCEx_Calibration_GetValue                    build/stm32f3xx_hal_adc_ex.o
HAL_ADCEx_Calibration_SetValue                    build/stm32f3xx_hal_adc_ex.o
HAL_ADCEx_Calibration_Start                       build/stm32f3xx_hal_adc_ex.o
HAL_ADCEx_InjectedConfigChannel                   build/stm32f3xx_hal_adc_ex.o
HAL_ADCEx_InjectedConvCpltCallback                build/stm32f3xx_hal_adc_ex.o
HAL_ADCEx_InjectedGetValue                        build/stm32f3xx_hal_adc_ex.o
HAL_ADCEx_InjectedPollForConversion               build/stm32f3xx_hal_adc_ex.o
HAL_ADCEx_InjectedQueueOverflowCallback           build/stm32f3xx_hal_adc_ex.o
HAL_ADCEx_InjectedStart                           build/stm32f3xx_hal_adc_ex.o
HAL_ADCEx_InjectedStart_IT                        build/stm32f3xx_hal_adc_ex.o
HAL_ADCEx_InjectedStop                            build/stm32f3xx_hal_adc_ex.o
HAL_ADCEx_InjectedStop_IT                         build/stm32f3xx_hal_adc_ex.o
HAL_ADCEx_LevelOutOfWindow2Callback               build/stm32f3xx_hal_adc_ex.o
HAL_ADCEx_LevelOutOfWindow3Callback               build/stm32f3xx_hal_adc_ex.o
HAL_ADCEx_MultiModeConfigChannel                  build/stm32f3xx_hal_adc_ex.o
                                                  build/main.o
HAL_ADCEx_MultiModeGetValue                       build/stm32f3xx_hal_adc_ex.o
HAL_ADCEx_MultiModeStart_DMA                      build/stm32f3xx_hal_adc_ex.o
HAL_ADCEx_MultiModeStop_DMA                       build/stm32f3xx_hal_adc_ex.o
HAL_ADCEx_RegularMultiModeStop_DMA                build/stm32f3xx_hal_adc_ex.o
HAL_ADCEx_RegularStop                             build/stm32f3xx_hal_adc_ex.o
HAL_ADCEx_RegularStop_DMA                         build/stm32f3xx_hal_adc_ex.o
HAL_ADCEx_RegularStop_IT                          build/stm32f3xx_hal_adc_ex.o
HAL_ADC_AnalogWDGConfig                           build/stm32f3xx_hal_adc_ex.o
                                                  build/stm32f3xx_hal_adc.o
HAL_ADC_ConfigChannel                             build/stm32f3xx_hal_adc_ex.o
                                                  build/stm32f3xx_hal_adc.o
                                                  build/main.o
HAL_ADC_ConvCpltCallback                          build/stm32f3xx_hal_adc.o
                                                  build/stm32f3xx_hal_adc_ex.o
HAL_ADC_ConvHalfCpltCallback                      build/stm32f3xx_hal_adc.o
                                                  build/stm32f3xx_hal_adc_ex.o
HAL_ADC_DeInit                                    build/stm32f3xx_hal_adc_ex.o
                                                  build/stm32f3xx_hal_adc.o
HAL_ADC_ErrorCallback                             build/stm32f3xx_hal_adc.o
                                                  build/stm32f3xx_hal_adc_ex.o
HAL_ADC_GetError                                  build/stm32f3xx_hal_adc.o
HAL_ADC_GetState                                  build/stm32f3xx_hal_adc.o
HAL_ADC_GetValue                                  build/stm32f3xx_hal_adc_ex.o
                                                  build/stm32f3xx_hal_adc.o
HAL_ADC_IRQHandler                                build/stm32f3xx_hal_adc_ex.o
                                                  build/stm32f3xx_hal_adc.o
HAL_ADC_Init                                      build/stm32f3xx_hal_adc_ex.o
                                                  build/stm32f3xx_hal_adc.o
                                                  build/main.o
HAL_ADC_LevelOutOfWindowCallback                  build/stm32f3xx_hal_adc.o
                                                  build/stm32f3xx_hal_adc_ex.o
HAL_ADC_MspDeInit                                 build/stm32f3xx_hal_msp.o
                                                  build/stm32f3xx_hal_adc_ex.o
HAL_ADC_MspInit                                   build/stm32f3xx_hal_msp.o
                                                  build/stm32f3xx_hal_adc_ex.o
HAL_ADC_PollForConversion                         build/stm32f3xx_hal_adc_ex.o
                                                  build/stm32f3xx_hal_adc.o
HAL_ADC_PollForEvent                              build/stm32f3xx_hal_adc_ex.o
                                                  build/stm32f3xx_hal_adc.o
HAL_ADC_Start                                     build/stm32f3xx_hal_adc_ex.o
                                                  build/stm32f3xx_hal_adc.o
HAL_ADC_Start_DMA                                 build/stm32f3xx_hal_adc_ex.o
                                                  build/stm32f3xx_hal_adc.o
                                                  build/main.o
HAL_ADC_Start_IT                                  build/stm32f3xx_hal_adc_ex.o
                                                  build/stm32f3xx_hal_adc.o
HAL_ADC_Stop                                      build/stm32f3xx_hal_adc_ex.o
                                                  build/stm32f3xx_hal_adc.o
HAL_ADC_Stop_DMA                                  build/stm32f3xx_hal_adc_ex.o
                                                  build/stm32f3xx_hal_adc.o
HAL_ADC_Stop_IT                                   build/stm32f3xx_hal_adc_ex.o
                                                  build/stm32f3xx_hal_adc.o
HAL_CAN_AbortTxRequest                            build/stm32f3xx_hal_can.o
HAL_CAN_ActivateNotification                      build/stm32f3xx_hal_can.o
HAL_CAN_AddTxMessage                              build/stm32f3xx_hal_can.o
                                                  build/stm32f3xx_it.o
HAL_CAN_ConfigFilter                              build/stm32f3xx_hal_can.o
                                                  build/main.o
HAL_CAN_DeInit                                    build/stm32f3xx_hal_can.o
HAL_CAN_DeactivateNotification                    build/stm32f3xx_hal_can.o
HAL_CAN_ErrorCallback                             build/stm32f3xx_hal_can.o
HAL_CAN_GetError                                  build/stm32f3xx_hal_can.o
HAL_CAN_GetRxFifoFillLevel                        build/stm32f3xx_hal_can.o
HAL_CAN_GetRxMessage                              build/stm32f3xx_hal_can.o
HAL_CAN_GetState                                  build/stm32f3xx_hal_can.o
HAL_CAN_GetTxMailboxesFreeLevel                   build/stm32f3xx_hal_can.o
                                                  build/stm32f3xx_it.o
HAL_CAN_GetTxTimestamp                            build/stm32f3xx_hal_can.o
HAL_CAN_IRQHandler                                build/stm32f3xx_hal_can.o
                                                  build/stm32f3xx_it.o
HAL_CAN_Init                                      build/stm32f3xx_hal_can.o
                                                  build/main.o
HAL_CAN_IsSleepActive                             build/stm32f3xx_hal_can.o
HAL_CAN_IsTxMessagePending                        build/stm32f3xx_hal_can.o
HAL_CAN_MspDeInit                                 build/stm32f3xx_hal_msp.o
HAL_CAN_MspInit                                   build/stm32f3xx_hal_msp.o
HAL_CAN_RequestSleep                              build/stm32f3xx_hal_can.o
HAL_CAN_ResetError                                build/stm32f3xx_hal_can.o
HAL_CAN_RxFifo0FullCallback                       build/stm32f3xx_hal_can.o
HAL_CAN_RxFifo0MsgPendingCallback                 build/stm32f3xx_hal_can.o
HAL_CAN_RxFifo1FullCallback                       build/stm32f3xx_hal_can.o
HAL_CAN_RxFifo1MsgPendingCallback                 build/stm32f3xx_hal_can.o
HAL_CAN_SleepCallback                             build/stm32f3xx_hal_can.o
HAL_CAN_Start                                     build/stm32f3xx_hal_can.o
                                                  build/main.o
HAL_CAN_Stop                                      build/stm32f3xx_hal_can.o
HAL_CAN_TxMailbox0AbortCallback                   build/stm32f3xx_hal_can.o
HAL_CAN_TxMailbox0CompleteCallback                build/stm32f3xx_hal_can.o
HAL_CAN_TxMailbox1AbortCallback                   build/stm32f3xx_hal_can.o
HAL_CAN_TxMailbox1CompleteCallback                build/stm32f3xx_hal_can.o
HAL_CAN_TxMailbox2AbortCallback                   build/stm32f3xx_hal_can.o
HAL_CAN_TxMailbox2CompleteCallback                build/stm32f3xx_hal_can.o
HAL_CAN_WakeUp                                    build/stm32f3xx_hal_can.o
HAL_CAN_WakeUpFromRxMsgCallback                   build/stm32f3xx_hal_can.o
HAL_DBGMCU_DisableDBGSleepMode                    build/stm32f3xx_hal.o
HAL_DBGMCU_DisableDBGStandbyMode                  build/stm32f3xx_hal.o
HAL_DBGMCU_DisableDBGStopMode                     build/stm32f3xx_hal.o
HAL_DBGMCU_EnableDBGSleepMode                     build/stm32f3xx_hal.o
HAL_DBGMCU_EnableDBGStandbyMode                   build/stm32f3xx_hal.o
HAL_DBGMCU_EnableDBGStopMode                      build/stm32f3xx_hal.o
HAL_DMA_Abort                                     build/stm32f3xx_hal_dma.o
                                                  build/stm32f3xx_hal_hrtim.o
                                                  build/stm32f3xx_hal_adc_ex.o
HAL_DMA_Abort_IT                                  build/stm32f3xx_hal_dma.o
                                                  build/stm32f3xx_hal_i2c.o
                                                  build/stm32f3xx_hal_tim_ex.o
                                                  build/stm32f3xx_hal_tim.o
HAL_DMA_DeInit                                    build/stm32f3xx_hal_dma.o
                                                  build/stm32f3xx_hal_msp.o
HAL_DMA_GetError                                  build/stm32f3xx_hal_dma.o
HAL_DMA_GetState                                  build/stm32f3xx_hal_dma.o
                                                  build/stm32f3xx_hal_i2c.o
HAL_DMA_IRQHandler                                build/stm32f3xx_hal_dma.o
                                                  build/stm32f3xx_it.o
HAL_DMA_Init                                      build/stm32f3xx_hal_dma.o
                                                  build/stm32f3xx_hal_msp.o
HAL_DMA_PollForTransfer                           build/stm32f3xx_hal_dma.o
HAL_DMA_RegisterCallback                          build/stm32f3xx_hal_dma.o
HAL_DMA_Start                                     build/stm32f3xx_hal_dma.o
HAL_DMA_Start_IT                                  build/stm32f3xx_hal_dma.o
                                                  build/stm32f3xx_hal_hrtim.o
                                                  build/stm32f3xx_hal_i2c.o
                                                  build/stm32f3xx_hal_tim_ex.o
                                                  build/stm32f3xx_hal_tim.o
                                                  build/stm32f3xx_hal_adc_ex.o
HAL_DMA_UnRegisterCallback                        build/stm32f3xx_hal_dma.o
HAL_DeInit                                        build/stm32f3xx_hal.o
HAL_Delay                                         build/stm32f3xx_hal.o
                                                  build/main.o
HAL_EXTI_ClearConfigLine                          build/stm32f3xx_hal_exti.o
HAL_EXTI_ClearPending                             build/stm32f3xx_hal_exti.o
HAL_EXTI_GenerateSWI                              build/stm32f3xx_hal_exti.o
HAL_EXTI_GetConfigLine                            build/stm32f3xx_hal_exti.o
HAL_EXTI_GetHandle                                build/stm32f3xx_hal_exti.o
HAL_EXTI_GetPending                               build/stm32f3xx_hal_exti.o
HAL_EXTI_IRQHandler                               build/stm32f3xx_hal_exti.o
HAL_EXTI_RegisterCallback                         build/stm32f3xx_hal_exti.o
HAL_EXTI_SetConfigLine                            build/stm32f3xx_hal_exti.o
HAL_FLASHEx_Erase                                 build/stm32f3xx_hal_flash_ex.o
HAL_FLASHEx_Erase_IT                              build/stm32f3xx_hal_flash_ex.o
HAL_FLASHEx_OBErase                               build/stm32f3xx_hal_flash_ex.o
HAL_FLASHEx_OBGetConfig                           build/stm32f3xx_hal_flash_ex.o
HAL_FLASHEx_OBGetUserData                         build/stm32f3xx_hal_flash_ex.o
HAL_FLASHEx_OBProgram                             build/stm32f3xx_hal_flash_ex.o
HAL_FLASH_EndOfOperationCallback                  build/stm32f3xx_hal_flash.o
HAL_FLASH_GetError                                build/stm32f3xx_hal_flash.o
HAL_FLASH_IRQHandler                              build/stm32f3xx_hal_flash.o
HAL_FLASH_Lock                                    build/stm32f3xx_hal_flash.o
HAL_FLASH_OB_Launch                               build/stm32f3xx_hal_flash.o
HAL_FLASH_OB_Lock                                 build/stm32f3xx_hal_flash.o
HAL_FLASH_OB_Unlock                               build/stm32f3xx_hal_flash.o
HAL_FLASH_OperationErrorCallback                  build/stm32f3xx_hal_flash.o
HAL_FLASH_Program                                 build/stm32f3xx_hal_flash.o
HAL_FLASH_Program_IT                              build/stm32f3xx_hal_flash.o
HAL_FLASH_Unlock                                  build/stm32f3xx_hal_flash.o
HAL_GPIO_DeInit                                   build/stm32f3xx_hal_gpio.o
                                                  build/stm32f3xx_hal_msp.o
HAL_GPIO_EXTI_Callback                            build/stm32f3xx_hal_gpio.o
HAL_GPIO_EXTI_IRQHandler                          build/stm32f3xx_hal_gpio.o
HAL_GPIO_Init                                     build/stm32f3xx_hal_gpio.o
                                                  build/stm32f3xx_hal_rcc.o
                                                  build/stm32f3xx_hal_msp.o
                                                  build/main.o
HAL_GPIO_LockPin                                  build/stm32f3xx_hal_gpio.o
HAL_GPIO_ReadPin                                  build/stm32f3xx_hal_gpio.o
HAL_GPIO_TogglePin                                build/stm32f3xx_hal_gpio.o
                                                  build/adc.o
                                                  build/stm32f3xx_it.o
HAL_GPIO_WritePin                                 build/stm32f3xx_hal_gpio.o
                                                  build/main.o
HAL_GetDEVID                                      build/stm32f3xx_hal.o
HAL_GetHalVersion                                 build/stm32f3xx_hal.o
HAL_GetREVID                                      build/stm32f3xx_hal.o
HAL_GetTick                                       build/stm32f3xx_hal.o
                                                  build/stm32f3xx_hal_hrtim.o
                                                  build/stm32f3xx_hal_can.o
                                                  build/stm32f3xx_hal_i2c.o
                                                  build/stm32f3xx_hal_flash.o
                                                  build/stm32f3xx_hal_dma.o
                                                  build/stm32f3xx_hal_rcc_ex.o
                                                  build/stm32f3xx_hal_rcc.o
                                                  build/stm32f3xx_hal_adc_ex.o
HAL_GetTickFreq                                   build/stm32f3xx_hal.o
HAL_GetTickPrio                                   build/stm32f3xx_hal.o
HAL_GetUIDw0                                      build/stm32f3xx_hal.o
HAL_GetUIDw1                                      build/stm32f3xx_hal.o
HAL_GetUIDw2                                      build/stm32f3xx_hal.o
HAL_HRTIM_ADCTriggerConfig                        build/stm32f3xx_hal_hrtim.o
                                                  build/main.o
HAL_HRTIM_BurstDMAConfig                          build/stm32f3xx_hal_hrtim.o
HAL_HRTIM_BurstDMATransfer                        build/stm32f3xx_hal_hrtim.o
HAL_HRTIM_BurstDMATransferCallback                build/stm32f3xx_hal_hrtim.o
HAL_HRTIM_BurstModeConfig                         build/stm32f3xx_hal_hrtim.o
HAL_HRTIM_BurstModeCtl                            build/stm32f3xx_hal_hrtim.o
HAL_HRTIM_BurstModePeriodCallback                 build/stm32f3xx_hal_hrtim.o
HAL_HRTIM_BurstModeSoftwareTrigger                build/stm32f3xx_hal_hrtim.o
HAL_HRTIM_Capture1EventCallback                   build/stm32f3xx_hal_hrtim.o
HAL_HRTIM_Capture2EventCallback                   build/stm32f3xx_hal_hrtim.o
HAL_HRTIM_ChopperModeConfig                       build/stm32f3xx_hal_hrtim.o
HAL_HRTIM_Compare1EventCallback                   build/stm32f3xx_hal_hrtim.o
HAL_HRTIM_Compare2EventCallback                   build/stm32f3xx_hal_hrtim.o
HAL_HRTIM_Compare3EventCallback                   build/stm32f3xx_hal_hrtim.o
HAL_HRTIM_Compare4EventCallback                   build/stm32f3xx_hal_hrtim.o
HAL_HRTIM_CounterResetCallback                    build/stm32f3xx_hal_hrtim.o
HAL_HRTIM_DLLCalibrationReadyCallback             build/stm32f3xx_hal_hrtim.o
HAL_HRTIM_DLLCalibrationStart                     build/stm32f3xx_hal_hrtim.o
                                                  build/main.o
HAL_HRTIM_DLLCalibrationStart_IT                  build/stm32f3xx_hal_hrtim.o
HAL_HRTIM_DeInit                                  build/stm32f3xx_hal_hrtim.o
HAL_HRTIM_DeadTimeConfig                          build/stm32f3xx_hal_hrtim.o
                                                  build/main.o
HAL_HRTIM_DelayedProtectionCallback               build/stm32f3xx_hal_hrtim.o
HAL_HRTIM_ErrorCallback                           build/stm32f3xx_hal_hrtim.o
HAL_HRTIM_EventConfig                             build/stm32f3xx_hal_hrtim.o
HAL_HRTIM_EventPrescalerConfig                    build/stm32f3xx_hal_hrtim.o
HAL_HRTIM_Fault1Callback                          build/stm32f3xx_hal_hrtim.o
HAL_HRTIM_Fault2Callback                          build/stm32f3xx_hal_hrtim.o
HAL_HRTIM_Fault3Callback                          build/stm32f3xx_hal_hrtim.o
HAL_HRTIM_Fault4Callback                          build/stm32f3xx_hal_hrtim.o
HAL_HRTIM_Fault5Callback                          build/stm32f3xx_hal_hrtim.o
HAL_HRTIM_FaultConfig                             build/stm32f3xx_hal_hrtim.o
HAL_HRTIM_FaultModeCtl                            build/stm32f3xx_hal_hrtim.o
HAL_HRTIM_FaultPrescalerConfig                    build/stm32f3xx_hal_hrtim.o
HAL_HRTIM_GetBurstStatus                          build/stm32f3xx_hal_hrtim.o
HAL_HRTIM_GetCapturedValue                        build/stm32f3xx_hal_hrtim.o
HAL_HRTIM_GetCurrentPushPullStatus                build/stm32f3xx_hal_hrtim.o
HAL_HRTIM_GetDelayedProtectionStatus              build/stm32f3xx_hal_hrtim.o
HAL_HRTIM_GetIdlePushPullStatus                   build/stm32f3xx_hal_hrtim.o
HAL_HRTIM_GetState                                build/stm32f3xx_hal_hrtim.o
HAL_HRTIM_IRQHandler                              build/stm32f3xx_hal_hrtim.o
HAL_HRTIM_Init                                    build/stm32f3xx_hal_hrtim.o
                                                  build/main.o
HAL_HRTIM_MspDeInit                               build/stm32f3xx_hal_msp.o
HAL_HRTIM_MspInit                                 build/stm32f3xx_hal_msp.o
HAL_HRTIM_MspPostInit                             build/stm32f3xx_hal_msp.o
                                                  build/main.o
HAL_HRTIM_Output1ResetCallback                    build/stm32f3xx_hal_hrtim.o
HAL_HRTIM_Output1SetCallback                      build/stm32f3xx_hal_hrtim.o
HAL_HRTIM_Output2ResetCallback                    build/stm32f3xx_hal_hrtim.o
HAL_HRTIM_Output2SetCallback                      build/stm32f3xx_hal_hrtim.o
HAL_HRTIM_PollForDLLCalibration                   build/stm32f3xx_hal_hrtim.o
                                                  build/main.o
HAL_HRTIM_RegistersUpdateCallback                 build/stm32f3xx_hal_hrtim.o
HAL_HRTIM_RepetitionEventCallback                 build/stm32f3xx_hal_hrtim.o
HAL_HRTIM_SimpleBaseStart                         build/stm32f3xx_hal_hrtim.o
HAL_HRTIM_SimpleBaseStart_DMA                     build/stm32f3xx_hal_hrtim.o
HAL_HRTIM_SimpleBaseStart_IT                      build/stm32f3xx_hal_hrtim.o
HAL_HRTIM_SimpleBaseStop                          build/stm32f3xx_hal_hrtim.o
HAL_HRTIM_SimpleBaseStop_DMA                      build/stm32f3xx_hal_hrtim.o
HAL_HRTIM_SimpleBaseStop_IT                       build/stm32f3xx_hal_hrtim.o
HAL_HRTIM_SimpleCaptureChannelConfig              build/stm32f3xx_hal_hrtim.o
HAL_HRTIM_SimpleCaptureStart                      build/stm32f3xx_hal_hrtim.o
HAL_HRTIM_SimpleCaptureStart_DMA                  build/stm32f3xx_hal_hrtim.o
HAL_HRTIM_SimpleCaptureStart_IT                   build/stm32f3xx_hal_hrtim.o
HAL_HRTIM_SimpleCaptureStop                       build/stm32f3xx_hal_hrtim.o
HAL_HRTIM_SimpleCaptureStop_DMA                   build/stm32f3xx_hal_hrtim.o
HAL_HRTIM_SimpleCaptureStop_IT                    build/stm32f3xx_hal_hrtim.o
HAL_HRTIM_SimpleOCChannelConfig                   build/stm32f3xx_hal_hrtim.o
HAL_HRTIM_SimpleOCStart                           build/stm32f3xx_hal_hrtim.o
HAL_HRTIM_SimpleOCStart_DMA                       build/stm32f3xx_hal_hrtim.o
HAL_HRTIM_SimpleOCStart_IT                        build/stm32f3xx_hal_hrtim.o
HAL_HRTIM_SimpleOCStop                            build/stm32f3xx_hal_hrtim.o
HAL_HRTIM_SimpleOCStop_DMA                        build/stm32f3xx_hal_hrtim.o
HAL_HRTIM_SimpleOCStop_IT                         build/stm32f3xx_hal_hrtim.o
HAL_HRTIM_SimpleOnePulseChannelConfig             build/stm32f3xx_hal_hrtim.o
HAL_HRTIM_SimpleOnePulseStart                     build/stm32f3xx_hal_hrtim.o
HAL_HRTIM_SimpleOnePulseStart_IT                  build/stm32f3xx_hal_hrtim.o
HAL_HRTIM_SimpleOnePulseStop                      build/stm32f3xx_hal_hrtim.o
HAL_HRTIM_SimpleOnePulseStop_IT                   build/stm32f3xx_hal_hrtim.o
HAL_HRTIM_SimplePWMChannelConfig                  build/stm32f3xx_hal_hrtim.o
HAL_HRTIM_SimplePWMStart                          build/stm32f3xx_hal_hrtim.o
HAL_HRTIM_SimplePWMStart_DMA                      build/stm32f3xx_hal_hrtim.o
HAL_HRTIM_SimplePWMStart_IT                       build/stm32f3xx_hal_hrtim.o
HAL_HRTIM_SimplePWMStop                           build/stm32f3xx_hal_hrtim.o
HAL_HRTIM_SimplePWMStop_DMA                       build/stm32f3xx_hal_hrtim.o
HAL_HRTIM_SimplePWMStop_IT                        build/stm32f3xx_hal_hrtim.o
HAL_HRTIM_SoftwareCapture                         build/stm32f3xx_hal_hrtim.o
HAL_HRTIM_SoftwareReset                           build/stm32f3xx_hal_hrtim.o
HAL_HRTIM_SoftwareUpdate                          build/stm32f3xx_hal_hrtim.o
HAL_HRTIM_SynchronizationEventCallback            build/stm32f3xx_hal_hrtim.o
HAL_HRTIM_SystemFaultCallback                     build/stm32f3xx_hal_hrtim.o
HAL_HRTIM_TimeBaseConfig                          build/stm32f3xx_hal_hrtim.o
                                                  build/main.o
HAL_HRTIM_TimerEventFilteringConfig               build/stm32f3xx_hal_hrtim.o
HAL_HRTIM_UpdateDisable                           build/stm32f3xx_hal_hrtim.o
HAL_HRTIM_UpdateEnable                            build/stm32f3xx_hal_hrtim.o
HAL_HRTIM_WaveformCaptureConfig                   build/stm32f3xx_hal_hrtim.o
HAL_HRTIM_WaveformCompareConfig                   build/stm32f3xx_hal_hrtim.o
                                                  build/main.o
HAL_HRTIM_WaveformCountStart                      build/stm32f3xx_hal_hrtim.o
                                                  build/main.o
HAL_HRTIM_WaveformCountStart_DMA                  build/stm32f3xx_hal_hrtim.o
HAL_HRTIM_WaveformCountStart_IT                   build/stm32f3xx_hal_hrtim.o
HAL_HRTIM_WaveformCountStop                       build/stm32f3xx_hal_hrtim.o
HAL_HRTIM_WaveformCountStop_DMA                   build/stm32f3xx_hal_hrtim.o
HAL_HRTIM_WaveformCountStop_IT                    build/stm32f3xx_hal_hrtim.o
HAL_HRTIM_WaveformGetOutputLevel                  build/stm32f3xx_hal_hrtim.o
HAL_HRTIM_WaveformGetOutputState                  build/stm32f3xx_hal_hrtim.o
HAL_HRTIM_WaveformOutputConfig                    build/stm32f3xx_hal_hrtim.o
                                                  build/main.o
HAL_HRTIM_WaveformOutputStart                     build/stm32f3xx_hal_hrtim.o
                                                  build/power.o
                                                  build/main.o
HAL_HRTIM_WaveformOutputStop                      build/stm32f3xx_hal_hrtim.o
                                                  build/stm32f3xx_it.o
                                                  build/main.o
HAL_HRTIM_WaveformSetOutputLevel                  build/stm32f3xx_hal_hrtim.o
HAL_HRTIM_WaveformTimerConfig                     build/stm32f3xx_hal_hrtim.o
                                                  build/main.o
HAL_I2CEx_ConfigAnalogFilter                      build/stm32f3xx_hal_i2c_ex.o
HAL_I2CEx_ConfigDigitalFilter                     build/stm32f3xx_hal_i2c_ex.o
HAL_I2CEx_DisableFastModePlus                     build/stm32f3xx_hal_i2c_ex.o
HAL_I2CEx_DisableWakeUp                           build/stm32f3xx_hal_i2c_ex.o
HAL_I2CEx_EnableFastModePlus                      build/stm32f3xx_hal_i2c_ex.o
HAL_I2CEx_EnableWakeUp                            build/stm32f3xx_hal_i2c_ex.o
HAL_I2C_AbortCpltCallback                         build/stm32f3xx_hal_i2c.o
HAL_I2C_AddrCallback                              build/stm32f3xx_hal_i2c.o
HAL_I2C_DeInit                                    build/stm32f3xx_hal_i2c.o
HAL_I2C_DisableListen_IT                          build/stm32f3xx_hal_i2c.o
HAL_I2C_ER_IRQHandler                             build/stm32f3xx_hal_i2c.o
HAL_I2C_EV_IRQHandler                             build/stm32f3xx_hal_i2c.o
HAL_I2C_EnableListen_IT                           build/stm32f3xx_hal_i2c.o
HAL_I2C_ErrorCallback                             build/stm32f3xx_hal_i2c.o
HAL_I2C_GetError                                  build/stm32f3xx_hal_i2c.o
HAL_I2C_GetMode                                   build/stm32f3xx_hal_i2c.o
HAL_I2C_GetState                                  build/stm32f3xx_hal_i2c.o
HAL_I2C_Init                                      build/stm32f3xx_hal_i2c.o
HAL_I2C_IsDeviceReady                             build/stm32f3xx_hal_i2c.o
HAL_I2C_ListenCpltCallback                        build/stm32f3xx_hal_i2c.o
HAL_I2C_MasterRxCpltCallback                      build/stm32f3xx_hal_i2c.o